../src/ProgramWriterCode/read_main.c:55:6:switchGameButtonInit	32	static
../src/ProgramWriterCode/read_main.c:122:6:EXTI0_IRQHandler	8	static,ignoring_inline_asm
../src/ProgramWriterCode/read_main.c:144:6:HAL_GPIO_EXTI_Callback	0	static
../src/ProgramWriterCode/read_main.c:149:6:prog_index_inc	0	static
../src/ProgramWriterCode/read_main.c:158:6:SimpleOS	8	static,ignoring_inline_asm
../src/ProgramWriterCode/read_main.c:73:5:main	8	static,ignoring_inline_asm
../src/ProgramWriterCode/read_main.c:113:6:justCallTheOS	8	static,ignoring_inline_asm
