../src/ProgramWriterCode/read_main.c:47:6:InitDMA	16	static
../src/ProgramWriterCode/read_main.c:77:6:switchGameButtonInit	32	static
../src/ProgramWriterCode/read_main.c:141:6:EXTI0_IRQHandler	8	static,ignoring_inline_asm
../src/ProgramWriterCode/read_main.c:163:6:HAL_GPIO_EXTI_Callback	0	static
../src/ProgramWriterCode/read_main.c:168:6:SimpleOS	8	static,ignoring_inline_asm
../src/ProgramWriterCode/read_main.c:95:5:main	8	static,ignoring_inline_asm
../src/ProgramWriterCode/read_main.c:132:6:justCallTheOS	8	static,ignoring_inline_asm
