Archive member included to satisfy reference by file (symbol)

C:/ST/STM32CubeIDE_1.16.0/STM32CubeIDE/plugins/com.st.stm32cube.ide.mcu.externaltools.gnu-tools-for-stm32.12.3.rel1.win32_1.0.200.202406191623/tools/bin/../lib/gcc/arm-none-eabi/12.3.1/../../../../arm-none-eabi/lib/thumb/v7e-m+dp/hard\libc_nano.a(libc_a-exit.o)
                              C:/ST/STM32CubeIDE_1.16.0/STM32CubeIDE/plugins/com.st.stm32cube.ide.mcu.externaltools.gnu-tools-for-stm32.12.3.rel1.win32_1.0.200.202406191623/tools/bin/../lib/gcc/arm-none-eabi/12.3.1/../../../../arm-none-eabi/lib/thumb/v7e-m+dp/hard/crt0.o (exit)
C:/ST/STM32CubeIDE_1.16.0/STM32CubeIDE/plugins/com.st.stm32cube.ide.mcu.externaltools.gnu-tools-for-stm32.12.3.rel1.win32_1.0.200.202406191623/tools/bin/../lib/gcc/arm-none-eabi/12.3.1/../../../../arm-none-eabi/lib/thumb/v7e-m+dp/hard\libc_nano.a(libc_a-findfp.o)
                              C:/ST/STM32CubeIDE_1.16.0/STM32CubeIDE/plugins/com.st.stm32cube.ide.mcu.externaltools.gnu-tools-for-stm32.12.3.rel1.win32_1.0.200.202406191623/tools/bin/../lib/gcc/arm-none-eabi/12.3.1/../../../../arm-none-eabi/lib/thumb/v7e-m+dp/hard\libc_nano.a(libc_a-exit.o) (__stdio_exit_handler)
C:/ST/STM32CubeIDE_1.16.0/STM32CubeIDE/plugins/com.st.stm32cube.ide.mcu.externaltools.gnu-tools-for-stm32.12.3.rel1.win32_1.0.200.202406191623/tools/bin/../lib/gcc/arm-none-eabi/12.3.1/../../../../arm-none-eabi/lib/thumb/v7e-m+dp/hard\libc_nano.a(libc_a-fwalk.o)
                              C:/ST/STM32CubeIDE_1.16.0/STM32CubeIDE/plugins/com.st.stm32cube.ide.mcu.externaltools.gnu-tools-for-stm32.12.3.rel1.win32_1.0.200.202406191623/tools/bin/../lib/gcc/arm-none-eabi/12.3.1/../../../../arm-none-eabi/lib/thumb/v7e-m+dp/hard\libc_nano.a(libc_a-findfp.o) (_fwalk_sglue)
C:/ST/STM32CubeIDE_1.16.0/STM32CubeIDE/plugins/com.st.stm32cube.ide.mcu.externaltools.gnu-tools-for-stm32.12.3.rel1.win32_1.0.200.202406191623/tools/bin/../lib/gcc/arm-none-eabi/12.3.1/../../../../arm-none-eabi/lib/thumb/v7e-m+dp/hard\libc_nano.a(libc_a-printf.o)
                              ./src/ProgramWriterCode/write_main.o (printf)
C:/ST/STM32CubeIDE_1.16.0/STM32CubeIDE/plugins/com.st.stm32cube.ide.mcu.externaltools.gnu-tools-for-stm32.12.3.rel1.win32_1.0.200.202406191623/tools/bin/../lib/gcc/arm-none-eabi/12.3.1/../../../../arm-none-eabi/lib/thumb/v7e-m+dp/hard\libc_nano.a(libc_a-puts.o)
                              ./src/ProgramWriterCode/write_main.o (puts)
C:/ST/STM32CubeIDE_1.16.0/STM32CubeIDE/plugins/com.st.stm32cube.ide.mcu.externaltools.gnu-tools-for-stm32.12.3.rel1.win32_1.0.200.202406191623/tools/bin/../lib/gcc/arm-none-eabi/12.3.1/../../../../arm-none-eabi/lib/thumb/v7e-m+dp/hard\libc_nano.a(libc_a-setbuf.o)
                              ./src/init.o (setbuf)
C:/ST/STM32CubeIDE_1.16.0/STM32CubeIDE/plugins/com.st.stm32cube.ide.mcu.externaltools.gnu-tools-for-stm32.12.3.rel1.win32_1.0.200.202406191623/tools/bin/../lib/gcc/arm-none-eabi/12.3.1/../../../../arm-none-eabi/lib/thumb/v7e-m+dp/hard\libc_nano.a(libc_a-setvbuf.o)
                              C:/ST/STM32CubeIDE_1.16.0/STM32CubeIDE/plugins/com.st.stm32cube.ide.mcu.externaltools.gnu-tools-for-stm32.12.3.rel1.win32_1.0.200.202406191623/tools/bin/../lib/gcc/arm-none-eabi/12.3.1/../../../../arm-none-eabi/lib/thumb/v7e-m+dp/hard\libc_nano.a(libc_a-setbuf.o) (setvbuf)
C:/ST/STM32CubeIDE_1.16.0/STM32CubeIDE/plugins/com.st.stm32cube.ide.mcu.externaltools.gnu-tools-for-stm32.12.3.rel1.win32_1.0.200.202406191623/tools/bin/../lib/gcc/arm-none-eabi/12.3.1/../../../../arm-none-eabi/lib/thumb/v7e-m+dp/hard\libc_nano.a(libc_a-stdio.o)
                              C:/ST/STM32CubeIDE_1.16.0/STM32CubeIDE/plugins/com.st.stm32cube.ide.mcu.externaltools.gnu-tools-for-stm32.12.3.rel1.win32_1.0.200.202406191623/tools/bin/../lib/gcc/arm-none-eabi/12.3.1/../../../../arm-none-eabi/lib/thumb/v7e-m+dp/hard\libc_nano.a(libc_a-findfp.o) (__sread)
C:/ST/STM32CubeIDE_1.16.0/STM32CubeIDE/plugins/com.st.stm32cube.ide.mcu.externaltools.gnu-tools-for-stm32.12.3.rel1.win32_1.0.200.202406191623/tools/bin/../lib/gcc/arm-none-eabi/12.3.1/../../../../arm-none-eabi/lib/thumb/v7e-m+dp/hard\libc_nano.a(libc_a-wbuf.o)
                              C:/ST/STM32CubeIDE_1.16.0/STM32CubeIDE/plugins/com.st.stm32cube.ide.mcu.externaltools.gnu-tools-for-stm32.12.3.rel1.win32_1.0.200.202406191623/tools/bin/../lib/gcc/arm-none-eabi/12.3.1/../../../../arm-none-eabi/lib/thumb/v7e-m+dp/hard\libc_nano.a(libc_a-puts.o) (__swbuf_r)
C:/ST/STM32CubeIDE_1.16.0/STM32CubeIDE/plugins/com.st.stm32cube.ide.mcu.externaltools.gnu-tools-for-stm32.12.3.rel1.win32_1.0.200.202406191623/tools/bin/../lib/gcc/arm-none-eabi/12.3.1/../../../../arm-none-eabi/lib/thumb/v7e-m+dp/hard\libc_nano.a(libc_a-wsetup.o)
[...]
Memory Configuration

Name             Origin             Length             Attributes
RAM              0x20000000         0x00040000         xrw
APPRAM           0x20040000         0x00020000         xrw
ROM              0x08000000         0x00200000         xr
*default*        0x00000000         0xffffffff

Linker script and memory map

LOAD C:/ST/STM32CubeIDE_1.16.0/STM32CubeIDE/plugins/com.st.stm32cube.ide.mcu.externaltools.gnu-tools-for-stm32.12.3.rel1.win32_1.0.200.202406191623/tools/bin/../lib/gcc/arm-none-eabi/12.3.1/thumb/v7e-m+dp/hard/crti.o
LOAD C:/ST/STM32CubeIDE_1.16.0/STM32CubeIDE/plugins/com.st.stm32cube.ide.mcu.externaltools.gnu-tools-for-stm32.12.3.rel1.win32_1.0.200.202406191623/tools/bin/../lib/gcc/arm-none-eabi/12.3.1/thumb/v7e-m+dp/hard/crtbegin.o
LOAD C:/ST/STM32CubeIDE_1.16.0/STM32CubeIDE/plugins/com.st.stm32cube.ide.mcu.externaltools.gnu-tools-for-stm32.12.3.rel1.win32_1.0.200.202406191623/tools/bin/../lib/gcc/arm-none-eabi/12.3.1/../../../../arm-none-eabi/lib/thumb/v7e-m+dp/hard/crt0.o
LOAD ./src/ProgramWriterCode/write_main.o
LOAD ./src/SamplePrograms/Simple_Test/ApplicationMain.o
LOAD ./src/cartridge_object.o
LOAD ./src/init.o
LOAD ./src/spi_flash_interface.o
LOAD ./src/uart.o
LOAD ./startup/startup_stm32f769nihx.o
LOAD ./stm32lib/CMSIS/Device/ST/STM32F7xx/Source/Templates/system_stm32f7xx.o
LOAD ./stm32lib/STM32F7xx_HAL_Driver/Src/Legacy/stm32f7xx_hal_eth.o
LOAD ./stm32lib/STM32F7xx_HAL_Driver/Src/stm32f7xx_hal.o
LOAD ./stm32lib/STM32F7xx_HAL_Driver/Src/stm32f7xx_hal_adc.o
LOAD ./stm32lib/STM32F7xx_HAL_Driver/Src/stm32f7xx_hal_cortex.o
LOAD ./stm32lib/STM32F7xx_HAL_Driver/Src/stm32f7xx_hal_dma.o
LOAD ./stm32lib/STM32F7xx_HAL_Driver/Src/stm32f7xx_hal_gpio.o
LOAD ./stm32lib/STM32F7xx_HAL_Driver/Src/stm32f7xx_hal_pwr.o
LOAD ./stm32lib/STM32F7xx_HAL_Driver/Src/stm32f7xx_hal_pwr_ex.o
LOAD ./stm32lib/STM32F7xx_HAL_Driver/Src/stm32f7xx_hal_rcc.o
LOAD ./stm32lib/STM32F7xx_HAL_Driver/Src/stm32f7xx_hal_spi.o
LOAD ./stm32lib/STM32F7xx_HAL_Driver/Src/stm32f7xx_hal_tim.o
LOAD ./stm32lib/STM32F7xx_HAL_Driver/Src/stm32f7xx_hal_tim_ex.o
LOAD ./stm32lib/STM32F7xx_HAL_Driver/Src/stm32f7xx_hal_uart.o
START GROUP
LOAD C:/ST/STM32CubeIDE_1.16.0/STM32CubeIDE/plugins/com.st.stm32cube.ide.mcu.externaltools.gnu-tools-for-stm32.12.3.rel1.win32_1.0.200.202406191623/tools/bin/../lib/gcc/arm-none-eabi/12.3.1/../../../../arm-none-eabi/lib/thumb/v7e-m+dp/hard\libc_nano.a
LOAD C:/ST/STM32CubeIDE_1.16.0/STM32CubeIDE/plugins/com.st.stm32cube.ide.mcu.externaltools.gnu-tools-for-stm32.12.3.rel1.win32_1.0.200.202406191623/tools/bin/../lib/gcc/arm-none-eabi/12.3.1/../../../../arm-none-eabi/lib/thumb/v7e-m+dp/hard\libm.a
END GROUP
START GROUP
LOAD C:/ST/STM32CubeIDE_1.16.0/STM32CubeIDE/plugins/com.st.stm32cube.ide.mcu.externaltools.gnu-tools-for-stm32.12.3.rel1.win32_1.0.200.202406191623/tools/bin/../lib/gcc/arm-none-eabi/12.3.1/thumb/v7e-m+dp/hard\libgcc.a
LOAD C:/ST/STM32CubeIDE_1.16.0/STM32CubeIDE/plugins/com.st.stm32cube.ide.mcu.externaltools.gnu-tools-for-stm32.12.3.rel1.win32_1.0.200.202406191623/tools/bin/../lib/gcc/arm-none-eabi/12.3.1/../../../../arm-none-eabi/lib/thumb/v7e-m+dp/hard\libc_nano.a
END GROUP
START GROUP
LOAD C:/ST/STM32CubeIDE_1.16.0/STM32CubeIDE/plugins/com.st.stm32cube.ide.mcu.externaltools.gnu-tools-for-stm32.12.3.rel1.win32_1.0.200.202406191623/tools/bin/../lib/gcc/arm-none-eabi/12.3.1/thumb/v7e-m+dp/hard\libgcc.a
LOAD C:/ST/STM32CubeIDE_1.16.0/STM32CubeIDE/plugins/com.st.stm32cube.ide.mcu.externaltools.gnu-tools-for-stm32.12.3.rel1.win32_1.0.200.202406191623/tools/bin/../lib/gcc/arm-none-eabi/12.3.1/../../../../arm-none-eabi/lib/thumb/v7e-m+dp/hard\libc_nano.a
LOAD C:/ST/STM32CubeIDE_1.16.0/STM32CubeIDE/plugins/com.st.stm32cube.ide.mcu.externaltools.gnu-tools-for-stm32.12.3.rel1.win32_1.0.200.202406191623/tools/bin/../lib/gcc/arm-none-eabi/12.3.1/../../../../arm-none-eabi/lib/thumb/v7e-m+dp/hard\libnosys.a
END GROUP
START GROUP
LOAD C:/ST/STM32CubeIDE_1.16.0/STM32CubeIDE/plugins/com.st.stm32cube.ide.mcu.externaltools.gnu-tools-for-stm32.12.3.rel1.win32_1.0.200.202406191623/tools/bin/../lib/gcc/arm-none-eabi/12.3.1/thumb/v7e-m+dp/hard\libgcc.a
LOAD C:/ST/STM32CubeIDE_1.16.0/STM32CubeIDE/plugins/com.st.stm32cube.ide.mcu.externaltools.gnu-tools-for-stm32.12.3.rel1.win32_1.0.200.202406191623/tools/bin/../lib/gcc/arm-none-eabi/12.3.1/../../../../arm-none-eabi/lib/thumb/v7e-m+dp/hard\libc_nano.a
LOAD C:/ST/STM32CubeIDE_1.16.0/STM32CubeIDE/plugins/com.st.stm32cube.ide.mcu.externaltools.gnu-tools-for-stm32.12.3.rel1.win32_1.0.200.202406191623/tools/bin/../lib/gcc/arm-none-eabi/12.3.1/../../../../arm-none-eabi/lib/thumb/v7e-m+dp/hard\libnosys.a
END GROUP
LOAD C:/ST/STM32CubeIDE_1.16.0/STM32CubeIDE/plugins/com.st.stm32cube.ide.mcu.externaltools.gnu-tools-for-stm32.12.3.rel1.win32_1.0.200.202406191623/tools/bin/../lib/gcc/arm-none-eabi/12.3.1/thumb/v7e-m+dp/hard/crtend.o
LOAD C:/ST/STM32CubeIDE_1.16.0/STM32CubeIDE/plugins/com.st.stm32cube.ide.mcu.externaltools.gnu-tools-for-stm32.12.3.rel1.win32_1.0.200.202406191623/tools/bin/../lib/gcc/arm-none-eabi/12.3.1/thumb/v7e-m+dp/hard/crtn.o
                0x20080000                        _estack = 0x20080000
                0x00000000                        _Min_Heap_Size = 0x0
                0x00002000                        _Min_Stack_Size = 0x2000

.isr_vector     0x08000000      0x1f8
                0x08000000                        . = ALIGN (0x4)
 *(.isr_vector)
 .isr_vector    0x08000000      0x1f8 ./startup/startup_stm32f769nihx.o
                0x08000000                g_pfnVectors
                0x080001f8                        . = ALIGN (0x4)

.appdat         0x20040000       0x1c
                0x20040000                        . = ALIGN (0x4)
 *./src/SamplePrograms/Simple_Test*(.text*)
 .text.mult2    0x20040000        0x8 ./src/SamplePrograms/Simple_Test/ApplicationMain.o
                0x20040000                mult2
 .text.appFrame
                0x20040008       0x14 ./src/SamplePrograms/Simple_Test/ApplicationMain.o
                0x20040008                appFrame
                0x2004001c                        __appbegin = .
 *./src/SamplePrograms/Simple_Test*(.rodata*)
 *./src/SamplePrograms/Simple_Test*(.data*)
 *./src/SamplePrograms/Simple_Test*(.bss*)
                0x2004001c                        . = ALIGN (0x4)
                0x2004001c                        __append = .

.text           0x08000200     0x49ac
                0x08000200                        . = ALIGN (0x4)
 *(.text)
 .text          0x08000200       0x40 C:/ST/STM32CubeIDE_1.16.0/STM32CubeIDE/plugins/com.st.stm32cube.ide.mcu.externaltools.gnu-tools-for-stm32.12.3.rel1.win32_1.0.200.202406191623/tools/bin/../lib/gcc/arm-none-eabi/12.3.1/thumb/v7e-m+dp/hard/crtbegin.o
 .text          0x08000240       0xa0 C:/ST/STM32CubeIDE_1.16.0/STM32CubeIDE/plugins/com.st.stm32cube.ide.mcu.externaltools.gnu-tools-for-stm32.12.3.rel1.win32_1.0.200.202406191623/tools/bin/../lib/gcc/arm-none-eabi/12.3.1/../../../../arm-none-eabi/lib/thumb/v7e-m+dp/hard\libc_nano.a(libc_a-memchr.o)
                0x08000240                memchr
 .text          0x080002e0       0x30 C:/ST/STM32CubeIDE_1.16.0/STM32CubeIDE/plugins/com.st.stm32cube.ide.mcu.externaltools.gnu-tools-for-stm32.12.3.rel1.win32_1.0.200.202406191623/tools/bin/../lib/gcc/arm-none-eabi/12.3.1/thumb/v7e-m+dp/hard\libgcc.a(_aeabi_uldivmod.o)
                0x080002e0                __aeabi_uldivmod
 .text          0x08000310      0x2bc C:/ST/STM32CubeIDE_1.16.0/STM32CubeIDE/plugins/com.st.stm32cube.ide.mcu.externaltools.gnu-tools-for-stm32.12.3.rel1.win32_1.0.200.202406191623/tools/bin/../lib/gcc/arm-none-eabi/12.3.1/thumb/v7e-m+dp/hard\libgcc.a(_udivmoddi4.o)
                0x08000310                __udivmoddi4
 .text          0x080005cc        0x4 C:/ST/STM32CubeIDE_1.16.0/STM32CubeIDE/plugins/com.st.stm32cube.ide.mcu.externaltools.gnu-tools-for-stm32.12.3.rel1.win32_1.0.200.202406191623/tools/bin/../lib/gcc/arm-none-eabi/12.3.1/thumb/v7e-m+dp/hard\libgcc.a(_dvmd_tls.o)
                0x080005cc                __aeabi_idiv0
                0x080005cc                __aeabi_ldiv0
 *(.text*)
 .text.main     0x080005d0       0x54 ./src/ProgramWriterCode/write_main.o
                0x080005d0                main
 .text.cart_ids_match
                0x08000624       0x20 ./src/cartridge_object.o
                0x08000624                cart_ids_match
 .text.SCB_EnableICache
                0x08000644       0x30 ./src/init.o
 .text.SCB_EnableDCache
                0x08000674       0x5c ./src/init.o
 .text.SystemClock_Config
                0x080006d0       0x68 ./src/init.o
                0x080006d0                SystemClock_Config
 .text.CPU_CACHE_Enable
                0x08000738        0xc ./src/init.o
                0x08000738                CPU_CACHE_Enable
 .text.Clock_Inits
                0x08000744      0x284 ./src/init.o
                0x08000744                Clock_Inits
 .text.Sys_Init
                0x080009c8       0x38 ./src/init.o
                0x080009c8                Sys_Init
 .text.SysTick_Handler
                0x08000a00        0x8 ./src/init.o
                0x08000a00                SysTick_Handler
 .text.cart_nss_activate
                0x08000a08       0x1c ./src/spi_flash_interface.o
                0x08000a08                cart_nss_activate
 .text.cart_nss_deactivate
                0x08000a24       0x1c ./src/spi_flash_interface.o
                0x08000a24                cart_nss_deactivate
 .text.inc_cart_to_read_ind
                0x08000a40       0x14 ./src/spi_flash_interface.o
                0x08000a40                inc_cart_to_read_ind
 .text.spi_flash_dma_init
                0x08000a54       0x74 ./src/spi_flash_interface.o
                0x08000a54                spi_flash_dma_init
 .text.spi_flash_gpio_init
                0x08000ac8       0x7c ./src/spi_flash_interface.o
                0x08000ac8                spi_flash_gpio_init
 .text.spi_flash_interface_initialize_SPI
                0x08000b44       0x78 ./src/spi_flash_interface.o
                0x08000b44                spi_flash_interface_initialize_SPI
 .text.spi_flash_enable_write
                0x08000bbc       0x34 ./src/spi_flash_interface.o
                0x08000bbc                spi_flash_enable_write
 .text.spi_flash_erase_or_write_in_progess
                0x08000bf0       0x38 ./src/spi_flash_interface.o
                0x08000bf0                spi_flash_erase_or_write_in_progess
 .text.spi_flash_write_page
                0x08000c28       0x60 ./src/spi_flash_interface.o
                0x08000c28                spi_flash_write_page
 .text.spi_flash_erase_sector
                0x08000c88       0x4c ./src/spi_flash_interface.o
                0x08000c88                spi_flash_erase_sector
 .text.spi_flash_write_function
                0x08000cd4       0x70 ./src/spi_flash_interface.o
                0x08000cd4                spi_flash_write_function
 .text.TIM7_IRQHandler
                0x08000d44       0x10 ./src/spi_flash_interface.o
                0x08000d44                TIM7_IRQHandler
 .text.HAL_TIM_PeriodElapsedCallback
                0x08000d54       0x40 ./src/spi_flash_interface.o
                0x08000d54                HAL_TIM_PeriodElapsedCallback
 .text.DMA1_Stream3_IRQHandler
                0x08000d94       0x10 ./src/spi_flash_interface.o
                0x08000d94                DMA1_Stream3_IRQHandler
 .text.DMA1_Stream4_IRQHandler
                0x08000da4       0x10 ./src/spi_flash_interface.o
                0x08000da4                DMA1_Stream4_IRQHandler
 .text.SPI2_IRQHandler
                0x08000db4       0x10 ./src/spi_flash_interface.o
                0x08000db4                SPI2_IRQHandler
 .text.HAL_SPI_TxCpltCallback
                0x08000dc4       0x34 ./src/spi_flash_interface.o
                0x08000dc4                HAL_SPI_TxCpltCallback
 .text.HAL_SPI_TxRxCpltCallback
                0x08000df8      0x148 ./src/spi_flash_interface.o
                0x08000df8                HAL_SPI_TxRxCpltCallback
 .text.HAL_UART_MspInit
                0x08000f40       0xd4 ./src/uart.o
                0x08000f40                HAL_UART_MspInit
 .text.initUart
                0x08001014       0x1a ./src/uart.o
                0x08001014                initUart
 *fill*         0x0800102e        0x2 
 .text._write   0x08001030       0x18 ./src/uart.o
                0x08001030                _write
 .text._read    0x08001048       0x1c ./src/uart.o
                0x08001048                _read
 .text._close   0x08001064        0x2 ./src/uart.o
                0x08001064                _close
 .text._lseek   0x08001066        0x2 ./src/uart.o
                0x08001066                _lseek
 .text._fstat   0x08001068        0x2 ./src/uart.o
                0x08001068                _fstat
 .text._isatty  0x0800106a        0x2 ./src/uart.o
                0x0800106a                _isatty
 .text.Reset_Handler
                0x0800106c       0x50 ./startup/startup_stm32f769nihx.o
                0x0800106c                Reset_Handler
 .text.Default_Handler
                0x080010bc        0x2 ./startup/startup_stm32f769nihx.o
                0x080010bc                HASH_RNG_IRQHandler
                0x080010bc                EXTI2_IRQHandler
                0x080010bc                TIM8_CC_IRQHandler
                0x080010bc                DebugMon_Handler
                0x080010bc                UART8_IRQHandler
                0x080010bc                SPI4_IRQHandler
                0x080010bc                QuadSPI_IRQHandler
                0x080010bc                DMA2_Stream5_IRQHandler
                0x080010bc                HardFault_Handler
                0x080010bc                JPEG_IRQHandler
                0x080010bc                DSIHOST_IRQHandler
                0x080010bc                DMA1_Stream5_IRQHandler
                0x080010bc                CAN3_RX1_IRQHandler
                0x080010bc                PVD_IRQHandler
                0x080010bc                TAMP_STAMP_IRQHandler
                0x080010bc                PendSV_Handler
                0x080010bc                NMI_Handler
                0x080010bc                CAN2_RX1_IRQHandler
                0x080010bc                EXTI3_IRQHandler
                0x080010bc                TIM8_TRG_COM_TIM14_IRQHandler
                0x080010bc                DFSDM1_FLT1_IRQHandler
                0x080010bc                TIM8_UP_TIM13_IRQHandler
                0x080010bc                I2C3_ER_IRQHandler
                0x080010bc                DFSDM1_FLT2_IRQHandler
                0x080010bc                LCD_TFT_IRQHandler
                0x080010bc                EXTI0_IRQHandler
                0x080010bc                DMA1_Stream2_IRQHandler
                0x080010bc                CAN1_RX0_IRQHandler
                0x080010bc                FPU_IRQHandler
                0x080010bc                OTG_HS_WKUP_IRQHandler
                0x080010bc                CAN3_SCE_IRQHandler
                0x080010bc                UsageFault_Handler
                0x080010bc                CAN2_SCE_IRQHandler
                0x080010bc                DMA2_Stream2_IRQHandler
                0x080010bc                SPI1_IRQHandler
                0x080010bc                TIM6_DAC_IRQHandler
                0x080010bc                TIM1_BRK_TIM9_IRQHandler
                0x080010bc                DCMI_IRQHandler
                0x080010bc                CAN2_RX0_IRQHandler
                0x080010bc                DMA2_Stream3_IRQHandler
                0x080010bc                RTC_ALARM_IRQHandler
                0x080010bc                SAI2_IRQHandler
                0x080010bc                DFSDM1_FLT3_IRQHandler
                0x080010bc                USART6_IRQHandler
                0x080010bc                CAN3_RX0_IRQHandler
                0x080010bc                USART3_IRQHandler
                0x080010bc                CAN1_RX1_IRQHandler
                0x080010bc                UART5_IRQHandler
                0x080010bc                DMA2_Stream0_IRQHandler
                0x080010bc                TIM4_IRQHandler
                0x080010bc                I2C1_EV_IRQHandler
                0x080010bc                HDMI_CEC_IRQHandler
                0x080010bc                DMA1_Stream6_IRQHandler
                0x080010bc                DMA1_Stream1_IRQHandler
                0x080010bc                UART4_IRQHandler
                0x080010bc                TIM3_IRQHandler
                0x080010bc                RCC_IRQHandler
                0x080010bc                TIM8_BRK_TIM12_IRQHandler
                0x080010bc                Default_Handler
                0x080010bc                EXTI15_10_IRQHandler
                0x080010bc                ADC_IRQHandler
                0x080010bc                DMA1_Stream7_IRQHandler
                0x080010bc                SPI5_IRQHandler
                0x080010bc                LPTimer1_IRQHandler
                0x080010bc                SDMMC1_IRQHandler
                0x080010bc                CAN2_TX_IRQHandler
                0x080010bc                TIM5_IRQHandler
                0x080010bc                DMA2_Stream7_IRQHandler
                0x080010bc                I2C3_EV_IRQHandler
                0x080010bc                EXTI9_5_IRQHandler
                0x080010bc                RTC_WKUP_IRQHandler
                0x080010bc                ETH_WKUP_IRQHandler
                0x080010bc                OTG_HS_EP1_IN_IRQHandler
                0x080010bc                MemManage_Handler
                0x080010bc                DMA1_Stream0_IRQHandler
                0x080010bc                CAN1_TX_IRQHandler
                0x080010bc                SVC_Handler
                0x080010bc                EXTI4_IRQHandler
                0x080010bc                ETH_IRQHandler
                0x080010bc                OTG_HS_EP1_OUT_IRQHandler
                0x080010bc                WWDG_IRQHandler
                0x080010bc                SPI6_IRQHandler
                0x080010bc                MDIOS_IRQHandler
                0x080010bc                I2C4_EV_IRQHandler
                0x080010bc                CAN3_TX_IRQHandler
                0x080010bc                TIM2_IRQHandler
                0x080010bc                OTG_FS_WKUP_IRQHandler
                0x080010bc                TIM1_TRG_COM_TIM11_IRQHandler
                0x080010bc                OTG_HS_IRQHandler
                0x080010bc                DMA2D_IRQHandler
                0x080010bc                EXTI1_IRQHandler
                0x080010bc                SDMMC2_IRQHandler
                0x080010bc                UART7_IRQHandler
                0x080010bc                USART2_IRQHandler
                0x080010bc                DFSDM1_FLT0_IRQHandler
                0x080010bc                SPDIFRX_IRQHandler
                0x080010bc                DMA2_Stream1_IRQHandler
                0x080010bc                CAN1_SCE_IRQHandler
                0x080010bc                FLASH_IRQHandler
                0x080010bc                DMA2_Stream4_IRQHandler
                0x080010bc                BusFault_Handler
                0x080010bc                USART1_IRQHandler
                0x080010bc                OTG_FS_IRQHandler
                0x080010bc                SPI3_IRQHandler
                0x080010bc                I2C1_ER_IRQHandler
                0x080010bc                FMC_IRQHandler
                0x080010bc                I2C4_ER_IRQHandler
                0x080010bc                DMA2_Stream6_IRQHandler
                0x080010bc                SAI1_IRQHandler
 *fill*         0x080010be        0x2 
 .text.SystemInit
                0x080010c0       0x14 ./stm32lib/CMSIS/Device/ST/STM32F7xx/Source/Templates/system_stm32f7xx.o
                0x080010c0                SystemInit
 .text.HAL_MspInit
                0x080010d4        0x2 ./stm32lib/STM32F7xx_HAL_Driver/Src/stm32f7xx_hal.o
                0x080010d4                HAL_MspInit
 *fill*         0x080010d6        0x2 
 .text.HAL_InitTick
                0x080010d8       0x48 ./stm32lib/STM32F7xx_HAL_Driver/Src/stm32f7xx_hal.o
                0x080010d8                HAL_InitTick
 .text.HAL_Init
                0x08001120       0x2c ./stm32lib/STM32F7xx_HAL_Driver/Src/stm32f7xx_hal.o
                0x08001120                HAL_Init
 .text.HAL_IncTick
                0x0800114c       0x18 ./stm32lib/STM32F7xx_HAL_Driver/Src/stm32f7xx_hal.o
                0x0800114c                HAL_IncTick
 .text.HAL_GetTick
                0x08001164        0xc ./stm32lib/STM32F7xx_HAL_Driver/Src/stm32f7xx_hal.o
                0x08001164                HAL_GetTick
 .text.__NVIC_SetPriority
                0x08001170       0x24 ./stm32lib/STM32F7xx_HAL_Driver/Src/stm32f7xx_hal_cortex.o
 .text.NVIC_EncodePriority
                0x08001194       0x3e ./stm32lib/STM32F7xx_HAL_Driver/Src/stm32f7xx_hal_cortex.o
 *fill*         0x080011d2        0x2 
 .text.HAL_NVIC_SetPriorityGrouping
                0x080011d4       0x24 ./stm32lib/STM32F7xx_HAL_Driver/Src/stm32f7xx_hal_cortex.o
                0x080011d4                HAL_NVIC_SetPriorityGrouping
 .text.HAL_NVIC_SetPriority
                0x080011f8       0x20 ./stm32lib/STM32F7xx_HAL_Driver/Src/stm32f7xx_hal_cortex.o
                0x080011f8                HAL_NVIC_SetPriority
 .text.HAL_NVIC_EnableIRQ
                0x08001218       0x1c ./stm32lib/STM32F7xx_HAL_Driver/Src/stm32f7xx_hal_cortex.o
                0x08001218                HAL_NVIC_EnableIRQ
 .text.HAL_SYSTICK_Config
                0x08001234       0x28 ./stm32lib/STM32F7xx_HAL_Driver/Src/stm32f7xx_hal_cortex.o
                0x08001234                HAL_SYSTICK_Config
 .text.DMA_SetConfig
                0x0800125c       0x2c ./stm32lib/STM32F7xx_HAL_Driver/Src/stm32f7xx_hal_dma.o
 .text.DMA_CalcBaseAndBitshift
                0x08001288       0x40 ./stm32lib/STM32F7xx_HAL_Driver/Src/stm32f7xx_hal_dma.o
 .text.DMA_CheckFifoParam
                0x080012c8       0x8e ./stm32lib/STM32F7xx_HAL_Driver/Src/stm32f7xx_hal_dma.o
 *fill*         0x08001356        0x2 
 .text.HAL_DMA_Init
                0x08001358       0xcc ./stm32lib/STM32F7xx_HAL_Driver/Src/stm32f7xx_hal_dma.o
                0x08001358                HAL_DMA_Init
 .text.HAL_DMA_Start_IT
                0x08001424       0x74 ./stm32lib/STM32F7xx_HAL_Driver/Src/stm32f7xx_hal_dma.o
                0x08001424                HAL_DMA_Start_IT
 .text.HAL_DMA_Abort_IT
                0x08001498       0x26 ./stm32lib/STM32F7xx_HAL_Driver/Src/stm32f7xx_hal_dma.o
                0x08001498                HAL_DMA_Abort_IT
 *fill*         0x080014be        0x2 
 .text.HAL_DMA_IRQHandler
                0x080014c0      0x1dc ./stm32lib/STM32F7xx_HAL_Driver/Src/stm32f7xx_hal_dma.o
                0x080014c0                HAL_DMA_IRQHandler
 .text.HAL_GPIO_Init
                0x0800169c      0x204 ./stm32lib/STM32F7xx_HAL_Driver/Src/stm32f7xx_hal_gpio.o
                0x0800169c                HAL_GPIO_Init
 .text.HAL_GPIO_WritePin
                0x080018a0        0xc ./stm32lib/STM32F7xx_HAL_Driver/Src/stm32f7xx_hal_gpio.o
                0x080018a0                HAL_GPIO_WritePin
 .text.HAL_PWREx_EnableOverDrive
                0x080018ac       0x7c ./stm32lib/STM32F7xx_HAL_Driver/Src/stm32f7xx_hal_pwr_ex.o
                0x080018ac                HAL_PWREx_EnableOverDrive
 .text.HAL_RCC_OscConfig
                0x08001928      0x444 ./stm32lib/STM32F7xx_HAL_Driver/Src/stm32f7xx_hal_rcc.o
                0x08001928                HAL_RCC_OscConfig
 .text.HAL_RCC_GetSysClockFreq
                0x08001d6c       0xa8 ./stm32lib/STM32F7xx_HAL_Driver/Src/stm32f7xx_hal_rcc.o
                0x08001d6c                HAL_RCC_GetSysClockFreq
 .text.HAL_RCC_ClockConfig
                0x08001e14      0x16c ./stm32lib/STM32F7xx_HAL_Driver/Src/stm32f7xx_hal_rcc.o
                0x08001e14                HAL_RCC_ClockConfig
 .text.HAL_RCC_GetHCLKFreq
                0x08001f80        0xc ./stm32lib/STM32F7xx_HAL_Driver/Src/stm32f7xx_hal_rcc.o
                0x08001f80                HAL_RCC_GetHCLKFreq
 .text.HAL_RCC_GetPCLK1Freq
                0x08001f8c       0x20 ./stm32lib/STM32F7xx_HAL_Driver/Src/stm32f7xx_hal_rcc.o
                0x08001f8c                HAL_RCC_GetPCLK1Freq
 .text.HAL_RCC_GetPCLK2Freq
                0x08001fac       0x20 ./stm32lib/STM32F7xx_HAL_Driver/Src/stm32f7xx_hal_rcc.o
                0x08001fac                HAL_RCC_GetPCLK2Freq
 .text.SPI_WaitFlagStateUntilTimeout
                0x08001fcc       0xc8 ./stm32lib/STM32F7xx_HAL_Driver/Src/stm32f7xx_hal_spi.o
 .text.SPI_WaitFifoStateUntilTimeout
                0x08002094       0xf0 ./stm32lib/STM32F7xx_HAL_Driver/Src/stm32f7xx_hal_spi.o
 .text.SPI_EndRxTxTransaction
                0x08002184       0xa0 ./stm32lib/STM32F7xx_HAL_Driver/Src/stm32f7xx_hal_spi.o
 .text.SPI_EndRxTransaction
                0x08002224       0xc4 ./stm32lib/STM32F7xx_HAL_Driver/Src/stm32f7xx_hal_spi.o
 .text.HAL_SPI_MspInit
                0x080022e8        0x2 ./stm32lib/STM32F7xx_HAL_Driver/Src/stm32f7xx_hal_spi.o
                0x080022e8                HAL_SPI_MspInit
 .text.HAL_SPI_Init
                0x080022ea      0x126 ./stm32lib/STM32F7xx_HAL_Driver/Src/stm32f7xx_hal_spi.o
                0x080022ea                HAL_SPI_Init
 .text.HAL_SPI_Transmit
                0x08002410      0x232 ./stm32lib/STM32F7xx_HAL_Driver/Src/stm32f7xx_hal_spi.o
                0x08002410                HAL_SPI_Transmit
 .text.HAL_SPI_TransmitReceive
                0x08002642      0x40e ./stm32lib/STM32F7xx_HAL_Driver/Src/stm32f7xx_hal_spi.o
                0x08002642                HAL_SPI_TransmitReceive
 .text.HAL_SPI_Transmit_DMA
                0x08002a50      0x158 ./stm32lib/STM32F7xx_HAL_Driver/Src/stm32f7xx_hal_spi.o
                0x08002a50                HAL_SPI_Transmit_DMA
 .text.HAL_SPI_TransmitReceive_DMA
                0x08002ba8      0x22c ./stm32lib/STM32F7xx_HAL_Driver/Src/stm32f7xx_hal_spi.o
                0x08002ba8                HAL_SPI_TransmitReceive_DMA
 .text.HAL_SPI_RxCpltCallback
                0x08002dd4        0x2 ./stm32lib/STM32F7xx_HAL_Driver/Src/stm32f7xx_hal_spi.o
                0x08002dd4                HAL_SPI_RxCpltCallback
 .text.HAL_SPI_TxHalfCpltCallback
                0x08002dd6        0x2 ./stm32lib/STM32F7xx_HAL_Driver/Src/stm32f7xx_hal_spi.o
                0x08002dd6                HAL_SPI_TxHalfCpltCallback
 .text.SPI_DMAHalfTransmitCplt
                0x08002dd8        0xa ./stm32lib/STM32F7xx_HAL_Driver/Src/stm32f7xx_hal_spi.o
 .text.HAL_SPI_RxHalfCpltCallback
                0x08002de2        0x2 ./stm32lib/STM32F7xx_HAL_Driver/Src/stm32f7xx_hal_spi.o
                0x08002de2                HAL_SPI_RxHalfCpltCallback
 .text.SPI_DMAHalfReceiveCplt
                0x08002de4        0xa ./stm32lib/STM32F7xx_HAL_Driver/Src/stm32f7xx_hal_spi.o
 .text.HAL_SPI_TxRxHalfCpltCallback
                0x08002dee        0x2 ./stm32lib/STM32F7xx_HAL_Driver/Src/stm32f7xx_hal_spi.o
                0x08002dee                HAL_SPI_TxRxHalfCpltCallback
 .text.SPI_DMAHalfTransmitReceiveCplt
                0x08002df0        0xa ./stm32lib/STM32F7xx_HAL_Driver/Src/stm32f7xx_hal_spi.o
 .text.HAL_SPI_ErrorCallback
                0x08002dfa        0x2 ./stm32lib/STM32F7xx_HAL_Driver/Src/stm32f7xx_hal_spi.o
                0x08002dfa                HAL_SPI_ErrorCallback
 .text.SPI_DMAError
                0x08002dfc       0x22 ./stm32lib/STM32F7xx_HAL_Driver/Src/stm32f7xx_hal_spi.o
 .text.SPI_DMATransmitCplt
                0x08002e1e       0x70 ./stm32lib/STM32F7xx_HAL_Driver/Src/stm32f7xx_hal_spi.o
 .text.SPI_DMAReceiveCplt
                0x08002e8e      0x104 ./stm32lib/STM32F7xx_HAL_Driver/Src/stm32f7xx_hal_spi.o
 .text.SPI_DMATransmitReceiveCplt
                0x08002f92       0xee ./stm32lib/STM32F7xx_HAL_Driver/Src/stm32f7xx_hal_spi.o
 .text.HAL_SPI_IRQHandler
                0x08003080      0x118 ./stm32lib/STM32F7xx_HAL_Driver/Src/stm32f7xx_hal_spi.o
                0x08003080                HAL_SPI_IRQHandler
 .text.SPI_DMAAbortOnError
                0x08003198       0x12 ./stm32lib/STM32F7xx_HAL_Driver/Src/stm32f7xx_hal_spi.o
 .text.HAL_TIM_OC_DelayElapsedCallback
                0x080031aa        0x2 ./stm32lib/STM32F7xx_HAL_Driver/Src/stm32f7xx_hal_tim.o
                0x080031aa                HAL_TIM_OC_DelayElapsedCallback
 .text.HAL_TIM_IC_CaptureCallback
                0x080031ac        0x2 ./stm32lib/STM32F7xx_HAL_Driver/Src/stm32f7xx_hal_tim.o
                0x080031ac                HAL_TIM_IC_CaptureCallback
 .text.HAL_TIM_PWM_PulseFinishedCallback
                0x080031ae        0x2 ./stm32lib/STM32F7xx_HAL_Driver/Src/stm32f7xx_hal_tim.o
                0x080031ae                HAL_TIM_PWM_PulseFinishedCallback
 .text.HAL_TIM_TriggerCallback
                0x080031b0        0x2 ./stm32lib/STM32F7xx_HAL_Driver/Src/stm32f7xx_hal_tim.o
                0x080031b0                HAL_TIM_TriggerCallback
 .text.HAL_TIM_IRQHandler
                0x080031b2      0x19a ./stm32lib/STM32F7xx_HAL_Driver/Src/stm32f7xx_hal_tim.o
                0x080031b2                HAL_TIM_IRQHandler
 .text.HAL_TIMEx_CommutCallback
                0x0800334c        0x2 ./stm32lib/STM32F7xx_HAL_Driver/Src/stm32f7xx_hal_tim_ex.o
                0x0800334c                HAL_TIMEx_CommutCallback
 .text.HAL_TIMEx_BreakCallback
                0x0800334e        0x2 ./stm32lib/STM32F7xx_HAL_Driver/Src/stm32f7xx_hal_tim_ex.o
                0x0800334e                HAL_TIMEx_BreakCallback
 .text.HAL_TIMEx_Break2Callback
                0x08003350        0x2 ./stm32lib/STM32F7xx_HAL_Driver/Src/stm32f7xx_hal_tim_ex.o
                0x08003350                HAL_TIMEx_Break2Callback
 *fill*         0x08003352        0x2 
 .text.UART_SetConfig
                0x08003354      0x330 ./stm32lib/STM32F7xx_HAL_Driver/Src/stm32f7xx_hal_uart.o
                0x08003354                UART_SetConfig
 .text.UART_AdvFeatureConfig
                0x08003684       0xca ./stm32lib/STM32F7xx_HAL_Driver/Src/stm32f7xx_hal_uart.o
                0x08003684                UART_AdvFeatureConfig
 .text.UART_WaitOnFlagUntilTimeout
                0x0800374e       0xd4 ./stm32lib/STM32F7xx_HAL_Driver/Src/stm32f7xx_hal_uart.o
                0x0800374e                UART_WaitOnFlagUntilTimeout
 .text.HAL_UART_Transmit
                0x08003822       0xbc ./stm32lib/STM32F7xx_HAL_Driver/Src/stm32f7xx_hal_uart.o
                0x08003822                HAL_UART_Transmit
 .text.HAL_UART_Receive
                0x080038de      0x10e ./stm32lib/STM32F7xx_HAL_Driver/Src/stm32f7xx_hal_uart.o
                0x080038de                HAL_UART_Receive
 .text.UART_CheckIdleState
                0x080039ec       0x74 ./stm32lib/STM32F7xx_HAL_Driver/Src/stm32f7xx_hal_uart.o
                0x080039ec                UART_CheckIdleState
 .text.HAL_UART_Init
                0x08003a60       0x62 ./stm32lib/STM32F7xx_HAL_Driver/Src/stm32f7xx_hal_uart.o
                0x08003a60                HAL_UART_Init
 *fill*         0x08003ac2        0x2 
 .text.std      0x08003ac4       0x6c C:/ST/STM32CubeIDE_1.16.0/STM32CubeIDE/plugins/com.st.stm32cube.ide.mcu.externaltools.gnu-tools-for-stm32.12.3.rel1.win32_1.0.200.202406191623/tools/bin/../lib/gcc/arm-none-eabi/12.3.1/../../../../arm-none-eabi/lib/thumb/v7e-m+dp/hard\libc_nano.a(libc_a-findfp.o)
 .text.stdio_exit_handler
                0x08003b30       0x18 C:/ST/STM32CubeIDE_1.16.0/STM32CubeIDE/plugins/com.st.stm32cube.ide.mcu.externaltools.gnu-tools-for-stm32.12.3.rel1.win32_1.0.200.202406191623/tools/bin/../lib/gcc/arm-none-eabi/12.3.1/../../../../arm-none-eabi/lib/thumb/v7e-m+dp/hard\libc_nano.a(libc_a-findfp.o)
 .text.cleanup_stdio
                0x08003b48       0x40 C:/ST/STM32CubeIDE_1.16.0/STM32CubeIDE/plugins/com.st.stm32cube.ide.mcu.externaltools.gnu-tools-for-stm32.12.3.rel1.win32_1.0.200.202406191623/tools/bin/../lib/gcc/arm-none-eabi/12.3.1/../../../../arm-none-eabi/lib/thumb/v7e-m+dp/hard\libc_nano.a(libc_a-findfp.o)
 .text.global_stdio_init.part.0
                0x08003b88       0x3c C:/ST/STM32CubeIDE_1.16.0/STM32CubeIDE/plugins/com.st.stm32cube.ide.mcu.externaltools.gnu-tools-for-stm32.12.3.rel1.win32_1.0.200.202406191623/tools/bin/../lib/gcc/arm-none-eabi/12.3.1/../../../../arm-none-eabi/lib/thumb/v7e-m+dp/hard\libc_nano.a(libc_a-findfp.o)
 .text.__sfp_lock_acquire
                0x08003bc4        0xc C:/ST/STM32CubeIDE_1.16.0/STM32CubeIDE/plugins/com.st.stm32cube.ide.mcu.externaltools.gnu-tools-for-stm32.12.3.rel1.win32_1.0.200.202406191623/tools/bin/../lib/gcc/arm-none-eabi/12.3.1/../../../../arm-none-eabi/lib/thumb/v7e-m+dp/hard\libc_nano.a(libc_a-findfp.o)
                0x08003bc4                __sfp_lock_acquire
 .text.__sfp_lock_release
                0x08003bd0        0xc C:/ST/STM32CubeIDE_1.16.0/STM32CubeIDE/plugins/com.st.stm32cube.ide.mcu.externaltools.gnu-tools-for-stm32.12.3.rel1.win32_1.0.200.202406191623/tools/bin/../lib/gcc/arm-none-eabi/12.3.1/../../../../arm-none-eabi/lib/thumb/v7e-m+dp/hard\libc_nano.a(libc_a-findfp.o)
                0x08003bd0                __sfp_lock_release
 .text.__sinit  0x08003bdc       0x30 C:/ST/STM32CubeIDE_1.16.0/STM32CubeIDE/plugins/com.st.stm32cube.ide.mcu.externaltools.gnu-tools-for-stm32.12.3.rel1.win32_1.0.200.202406191623/tools/bin/../lib/gcc/arm-none-eabi/12.3.1/../../../../arm-none-eabi/lib/thumb/v7e-m+dp/hard\libc_nano.a(libc_a-findfp.o)
                0x08003bdc                __sinit
 .text._fwalk_sglue
                0x08003c0c       0x3c C:/ST/STM32CubeIDE_1.16.0/STM32CubeIDE/plugins/com.st.stm32cube.ide.mcu.externaltools.gnu-tools-for-stm32.12.3.rel1.win32_1.0.200.202406191623/tools/bin/../lib/gcc/arm-none-eabi/12.3.1/../../../../arm-none-eabi/lib/thumb/v7e-m+dp/hard\libc_nano.a(libc_a-fwalk.o)
                0x08003c0c                _fwalk_sglue
 .text.printf   0x08003c48       0x24 C:/ST/STM32CubeIDE_1.16.0/STM32CubeIDE/plugins/com.st.stm32cube.ide.mcu.externaltools.gnu-tools-for-stm32.12.3.rel1.win32_1.0.200.202406191623/tools/bin/../lib/gcc/arm-none-eabi/12.3.1/../../../../arm-none-eabi/lib/thumb/v7e-m+dp/hard\libc_nano.a(libc_a-printf.o)
                0x08003c48                iprintf
                0x08003c48                printf
 .text._puts_r  0x08003c6c       0xaa C:/ST/STM32CubeIDE_1.16.0/STM32CubeIDE/plugins/com.st.stm32cube.ide.mcu.externaltools.gnu-tools-for-stm32.12.3.rel1.win32_1.0.200.202406191623/tools/bin/../lib/gcc/arm-none-eabi/12.3.1/../../../../arm-none-eabi/lib/thumb/v7e-m+dp/hard\libc_nano.a(libc_a-puts.o)
                0x08003c6c                _puts_r
 *fill*         0x08003d16        0x2 
 .text.puts     0x08003d18       0x10 C:/ST/STM32CubeIDE_1.16.0/STM32CubeIDE/plugins/com.st.stm32cube.ide.mcu.externaltools.gnu-tools-for-stm32.12.3.rel1.win32_1.0.200.202406191623/tools/bin/../lib/gcc/arm-none-eabi/12.3.1/../../../../arm-none-eabi/lib/thumb/v7e-m+dp/hard\libc_nano.a(libc_a-puts.o)
                0x08003d18                puts
 .text.setbuf   0x08003d28       0x10 C:/ST/STM32CubeIDE_1.16.0/STM32CubeIDE/plugins/com.st.stm32cube.ide.mcu.externaltools.gnu-tools-for-stm32.12.3.rel1.win32_1.0.200.202406191623/tools/bin/../lib/gcc/arm-none-eabi/12.3.1/../../../../arm-none-eabi/lib/thumb/v7e-m+dp/hard\libc_nano.a(libc_a-setbuf.o)
                0x08003d28                setbuf
 .text.setvbuf  0x08003d38      0x168 C:/ST/STM32CubeIDE_1.16.0/STM32CubeIDE/plugins/com.st.stm32cube.ide.mcu.externaltools.gnu-tools-for-stm32.12.3.rel1.win32_1.0.200.202406191623/tools/bin/../lib/gcc/arm-none-eabi/12.3.1/../../../../arm-none-eabi/lib/thumb/v7e-m+dp/hard\libc_nano.a(libc_a-setvbuf.o)
                0x08003d38                setvbuf
 .text.__sread  0x08003ea0       0x22 C:/ST/STM32CubeIDE_1.16.0/STM32CubeIDE/plugins/com.st.stm32cube.ide.mcu.externaltools.gnu-tools-for-stm32.12.3.rel1.win32_1.0.200.202406191623/tools/bin/../lib/gcc/arm-none-eabi/12.3.1/../../../../arm-none-eabi/lib/thumb/v7e-m+dp/hard\libc_nano.a(libc_a-stdio.o)
                0x08003ea0                __sread
 .text.__swrite
                0x08003ec2       0x38 C:/ST/STM32CubeIDE_1.16.0/STM32CubeIDE/plugins/com.st.stm32cube.ide.mcu.externaltools.gnu-tools-for-stm32.12.3.rel1.win32_1.0.200.202406191623/tools/bin/../lib/gcc/arm-none-eabi/12.3.1/../../../../arm-none-eabi/lib/thumb/v7e-m+dp/hard\libc_nano.a(libc_a-stdio.o)
                0x08003ec2                __swrite
 .text.__sseek  0x08003efa       0x24 C:/ST/STM32CubeIDE_1.16.0/STM32CubeIDE/plugins/com.st.stm32cube.ide.mcu.externaltools.gnu-tools-for-stm32.12.3.rel1.win32_1.0.200.202406191623/tools/bin/../lib/gcc/arm-none-eabi/12.3.1/../../../../arm-none-eabi/lib/thumb/v7e-m+dp/hard\libc_nano.a(libc_a-stdio.o)
                0x08003efa                __sseek
 .text.__sclose
                0x08003f1e        0x8 C:/ST/STM32CubeIDE_1.16.0/STM32CubeIDE/plugins/com.st.stm32cube.ide.mcu.externaltools.gnu-tools-for-stm32.12.3.rel1.win32_1.0.200.202406191623/tools/bin/../lib/gcc/arm-none-eabi/12.3.1/../../../../arm-none-eabi/lib/thumb/v7e-m+dp/hard\libc_nano.a(libc_a-stdio.o)
                0x08003f1e                __sclose
 .text.__swbuf_r
                0x08003f26       0x7c C:/ST/STM32CubeIDE_1.16.0/STM32CubeIDE/plugins/com.st.stm32cube.ide.mcu.externaltools.gnu-tools-for-stm32.12.3.rel1.win32_1.0.200.202406191623/tools/bin/../lib/gcc/arm-none-eabi/12.3.1/../../../../arm-none-eabi/lib/thumb/v7e-m+dp/hard\libc_nano.a(libc_a-wbuf.o)
                0x08003f26                __swbuf_r
 *fill*         0x08003fa2        0x2 
 .text.__swsetup_r
                0x08003fa4       0xac C:/ST/STM32CubeIDE_1.16.0/STM32CubeIDE/plugins/com.st.stm32cube.ide.mcu.externaltools.gnu-tools-for-stm32.12.3.rel1.win32_1.0.200.202406191623/tools/bin/../lib/gcc/arm-none-eabi/12.3.1/../../../../arm-none-eabi/lib/thumb/v7e-m+dp/hard\libc_nano.a(libc_a-wsetup.o)
                0x08003fa4                __swsetup_r
 .text.memset   0x08004050       0x10 C:/ST/STM32CubeIDE_1.16.0/STM32CubeIDE/plugins/com.st.stm32cube.ide.mcu.externaltools.gnu-tools-for-stm32.12.3.rel1.win32_1.0.200.202406191623/tools/bin/../lib/gcc/arm-none-eabi/12.3.1/../../../../arm-none-eabi/lib/thumb/v7e-m+dp/hard\libc_nano.a(libc_a-memset.o)
                0x08004050                memset
 .text._close_r
                0x08004060       0x20 C:/ST/STM32CubeIDE_1.16.0/STM32CubeIDE/plugins/com.st.stm32cube.ide.mcu.externaltools.gnu-tools-for-stm32.12.3.rel1.win32_1.0.200.202406191623/tools/bin/../lib/gcc/arm-none-eabi/12.3.1/../../../../arm-none-eabi/lib/thumb/v7e-m+dp/hard\libc_nano.a(libc_a-closer.o)
                0x08004060                _close_r
 .text._lseek_r
                0x08004080       0x24 C:/ST/STM32CubeIDE_1.16.0/STM32CubeIDE/plugins/com.st.stm32cube.ide.mcu.externaltools.gnu-tools-for-stm32.12.3.rel1.win32_1.0.200.202406191623/tools/bin/../lib/gcc/arm-none-eabi/12.3.1/../../../../arm-none-eabi/lib/thumb/v7e-m+dp/hard\libc_nano.a(libc_a-lseekr.o)
                0x08004080                _lseek_r
 .text._read_r  0x080040a4       0x24 C:/ST/STM32CubeIDE_1.16.0/STM32CubeIDE/plugins/com.st.stm32cube.ide.mcu.externaltools.gnu-tools-for-stm32.12.3.rel1.win32_1.0.200.202406191623/tools/bin/../lib/gcc/arm-none-eabi/12.3.1/../../../../arm-none-eabi/lib/thumb/v7e-m+dp/hard\libc_nano.a(libc_a-readr.o)
                0x080040a4                _read_r
 .text._write_r
                0x080040c8       0x24 C:/ST/STM32CubeIDE_1.16.0/STM32CubeIDE/plugins/com.st.stm32cube.ide.mcu.externaltools.gnu-tools-for-stm32.12.3.rel1.win32_1.0.200.202406191623/tools/bin/../lib/gcc/arm-none-eabi/12.3.1/../../../../arm-none-eabi/lib/thumb/v7e-m+dp/hard\libc_nano.a(libc_a-writer.o)
                0x080040c8                _write_r
 .text.__libc_init_array
                0x080040ec       0x48 C:/ST/STM32CubeIDE_1.16.0/STM32CubeIDE/plugins/com.st.stm32cube.ide.mcu.externaltools.gnu-tools-for-stm32.12.3.rel1.win32_1.0.200.202406191623/tools/bin/../lib/gcc/arm-none-eabi/12.3.1/../../../../arm-none-eabi/lib/thumb/v7e-m+dp/hard\libc_nano.a(libc_a-init.o)
                0x080040ec                __libc_init_array
 .text.__retarget_lock_init_recursive
                0x08004134        0x2 C:/ST/STM32CubeIDE_1.16.0/STM32CubeIDE/plugins/com.st.stm32cube.ide.mcu.externaltools.gnu-tools-for-stm32.12.3.rel1.win32_1.0.200.202406191623/tools/bin/../lib/gcc/arm-none-eabi/12.3.1/../../../../arm-none-eabi/lib/thumb/v7e-m+dp/hard\libc_nano.a(libc_a-lock.o)
                0x08004134                __retarget_lock_init_recursive
 .text.__retarget_lock_acquire_recursive
                0x08004136        0x2 C:/ST/STM32CubeIDE_1.16.0/STM32CubeIDE/plugins/com.st.stm32cube.ide.mcu.externaltools.gnu-tools-for-stm32.12.3.rel1.win32_1.0.200.202406191623/tools/bin/../lib/gcc/arm-none-eabi/12.3.1/../../../../arm-none-eabi/lib/thumb/v7e-m+dp/hard\libc_nano.a(libc_a-lock.o)
                0x08004136                __retarget_lock_acquire_recursive
 .text.__retarget_lock_release_recursive
                0x08004138        0x2 C:/ST/STM32CubeIDE_1.16.0/STM32CubeIDE/plugins/com.st.stm32cube.ide.mcu.externaltools.gnu-tools-for-stm32.12.3.rel1.win32_1.0.200.202406191623/tools/bin/../lib/gcc/arm-none-eabi/12.3.1/../../../../arm-none-eabi/lib/thumb/v7e-m+dp/hard\libc_nano.a(libc_a-lock.o)
                0x08004138                __retarget_lock_release_recursive
 .text.memcpy   0x0800413a       0x1c C:/ST/STM32CubeIDE_1.16.0/STM32CubeIDE/plugins/com.st.stm32cube.ide.mcu.externaltools.gnu-tools-for-stm32.12.3.rel1.win32_1.0.200.202406191623/tools/bin/../lib/gcc/arm-none-eabi/12.3.1/../../../../arm-none-eabi/lib/thumb/v7e-m+dp/hard\libc_nano.a(libc_a-memcpy-stub.o)
                0x0800413a                memcpy
 *fill*         0x08004156        0x2 
 .text._free_r  0x08004158       0x94 C:/ST/STM32CubeIDE_1.16.0/STM32CubeIDE/plugins/com.st.stm32cube.ide.mcu.externaltools.gnu-tools-for-stm32.12.3.rel1.win32_1.0.200.202406191623/tools/bin/../lib/gcc/arm-none-eabi/12.3.1/../../../../arm-none-eabi/lib/thumb/v7e-m+dp/hard\libc_nano.a(libc_a-freer.o)
                0x08004158                _free_r
 .text.malloc   0x080041ec       0x10 C:/ST/STM32CubeIDE_1.16.0/STM32CubeIDE/plugins/com.st.stm32cube.ide.mcu.externaltools.gnu-tools-for-stm32.12.3.rel1.win32_1.0.200.202406191623/tools/bin/../lib/gcc/arm-none-eabi/12.3.1/../../../../arm-none-eabi/lib/thumb/v7e-m+dp/hard\libc_nano.a(libc_a-malloc.o)
                0x080041ec                malloc
 .text.sbrk_aligned
                0x080041fc       0x44 C:/ST/STM32CubeIDE_1.16.0/STM32CubeIDE/plugins/com.st.stm32cube.ide.mcu.externaltools.gnu-tools-for-stm32.12.3.rel1.win32_1.0.200.202406191623/tools/bin/../lib/gcc/arm-none-eabi/12.3.1/../../../../arm-none-eabi/lib/thumb/v7e-m+dp/hard\libc_nano.a(libc_a-mallocr.o)
 .text._malloc_r
                0x08004240      0x100 C:/ST/STM32CubeIDE_1.16.0/STM32CubeIDE/plugins/com.st.stm32cube.ide.mcu.externaltools.gnu-tools-for-stm32.12.3.rel1.win32_1.0.200.202406191623/tools/bin/../lib/gcc/arm-none-eabi/12.3.1/../../../../arm-none-eabi/lib/thumb/v7e-m+dp/hard\libc_nano.a(libc_a-mallocr.o)
                0x08004240                _malloc_r
 .text.__malloc_lock
                0x08004340        0xc C:/ST/STM32CubeIDE_1.16.0/STM32CubeIDE/plugins/com.st.stm32cube.ide.mcu.externaltools.gnu-tools-for-stm32.12.3.rel1.win32_1.0.200.202406191623/tools/bin/../lib/gcc/arm-none-eabi/12.3.1/../../../../arm-none-eabi/lib/thumb/v7e-m+dp/hard\libc_nano.a(libc_a-mlock.o)
                0x08004340                __malloc_lock
 .text.__malloc_unlock
                0x0800434c        0xc C:/ST/STM32CubeIDE_1.16.0/STM32CubeIDE/plugins/com.st.stm32cube.ide.mcu.externaltools.gnu-tools-for-stm32.12.3.rel1.win32_1.0.200.202406191623/tools/bin/../lib/gcc/arm-none-eabi/12.3.1/../../../../arm-none-eabi/lib/thumb/v7e-m+dp/hard\libc_nano.a(libc_a-mlock.o)
                0x0800434c                __malloc_unlock
 .text.__sfputc_r
                0x08004358       0x2e C:/ST/STM32CubeIDE_1.16.0/STM32CubeIDE/plugins/com.st.stm32cube.ide.mcu.externaltools.gnu-tools-for-stm32.12.3.rel1.win32_1.0.200.202406191623/tools/bin/../lib/gcc/arm-none-eabi/12.3.1/../../../../arm-none-eabi/lib/thumb/v7e-m+dp/hard\libc_nano.a(libc_a-nano-vfprintf.o)
 .text.__sfputs_r
                0x08004386       0x24 C:/ST/STM32CubeIDE_1.16.0/STM32CubeIDE/plugins/com.st.stm32cube.ide.mcu.externaltools.gnu-tools-for-stm32.12.3.rel1.win32_1.0.200.202406191623/tools/bin/../lib/gcc/arm-none-eabi/12.3.1/../../../../arm-none-eabi/lib/thumb/v7e-m+dp/hard\libc_nano.a(libc_a-nano-vfprintf.o)
                0x08004386                __sfputs_r
 *fill*         0x080043aa        0x2 
 .text._vfprintf_r
                0x080043ac      0x230 C:/ST/STM32CubeIDE_1.16.0/STM32CubeIDE/plugins/com.st.stm32cube.ide.mcu.externaltools.gnu-tools-for-stm32.12.3.rel1.win32_1.0.200.202406191623/tools/bin/../lib/gcc/arm-none-eabi/12.3.1/../../../../arm-none-eabi/lib/thumb/v7e-m+dp/hard\libc_nano.a(libc_a-nano-vfprintf.o)
                0x080043ac                _vfprintf_r
                0x080043ac                _vfiprintf_r
 .text._printf_common
                0x080045dc       0xda C:/ST/STM32CubeIDE_1.16.0/STM32CubeIDE/plugins/com.st.stm32cube.ide.mcu.externaltools.gnu-tools-for-stm32.12.3.rel1.win32_1.0.200.202406191623/tools/bin/../lib/gcc/arm-none-eabi/12.3.1/../../../../arm-none-eabi/lib/thumb/v7e-m+dp/hard\libc_nano.a(libc_a-nano-vfprintf_i.o)
                0x080045dc                _printf_common
 *fill*         0x080046b6        0x2 
 .text._printf_i
                0x080046b8      0x240 C:/ST/STM32CubeIDE_1.16.0/STM32CubeIDE/plugins/com.st.stm32cube.ide.mcu.externaltools.gnu-tools-for-stm32.12.3.rel1.win32_1.0.200.202406191623/tools/bin/../lib/gcc/arm-none-eabi/12.3.1/../../../../arm-none-eabi/lib/thumb/v7e-m+dp/hard\libc_nano.a(libc_a-nano-vfprintf_i.o)
                0x080046b8                _printf_i
 .text.__sflush_r
                0x080048f8      0x108 C:/ST/STM32CubeIDE_1.16.0/STM32CubeIDE/plugins/com.st.stm32cube.ide.mcu.externaltools.gnu-tools-for-stm32.12.3.rel1.win32_1.0.200.202406191623/tools/bin/../lib/gcc/arm-none-eabi/12.3.1/../../../../arm-none-eabi/lib/thumb/v7e-m+dp/hard\libc_nano.a(libc_a-fflush.o)
                0x080048f8                __sflush_r
 .text._fflush_r
                0x08004a00       0x50 C:/ST/STM32CubeIDE_1.16.0/STM32CubeIDE/plugins/com.st.stm32cube.ide.mcu.externaltools.gnu-tools-for-stm32.12.3.rel1.win32_1.0.200.202406191623/tools/bin/../lib/gcc/arm-none-eabi/12.3.1/../../../../arm-none-eabi/lib/thumb/v7e-m+dp/hard\libc_nano.a(libc_a-fflush.o)
                0x08004a00                _fflush_r
 .text.__swhatbuf_r
                0x08004a50       0x4c C:/ST/STM32CubeIDE_1.16.0/STM32CubeIDE/plugins/com.st.stm32cube.ide.mcu.externaltools.gnu-tools-for-stm32.12.3.rel1.win32_1.0.200.202406191623/tools/bin/../lib/gcc/arm-none-eabi/12.3.1/../../../../arm-none-eabi/lib/thumb/v7e-m+dp/hard\libc_nano.a(libc_a-makebuf.o)
                0x08004a50                __swhatbuf_r
 .text.__smakebuf_r
                0x08004a9c       0x78 C:/ST/STM32CubeIDE_1.16.0/STM32CubeIDE/plugins/com.st.stm32cube.ide.mcu.externaltools.gnu-tools-for-stm32.12.3.rel1.win32_1.0.200.202406191623/tools/bin/../lib/gcc/arm-none-eabi/12.3.1/../../../../arm-none-eabi/lib/thumb/v7e-m+dp/hard\libc_nano.a(libc_a-makebuf.o)
                0x08004a9c                __smakebuf_r
 .text._fstat_r
                0x08004b14       0x24 C:/ST/STM32CubeIDE_1.16.0/STM32CubeIDE/plugins/com.st.stm32cube.ide.mcu.externaltools.gnu-tools-for-stm32.12.3.rel1.win32_1.0.200.202406191623/tools/bin/../lib/gcc/arm-none-eabi/12.3.1/../../../../arm-none-eabi/lib/thumb/v7e-m+dp/hard\libc_nano.a(libc_a-fstatr.o)
                0x08004b14                _fstat_r
 .text._isatty_r
                0x08004b38       0x20 C:/ST/STM32CubeIDE_1.16.0/STM32CubeIDE/plugins/com.st.stm32cube.ide.mcu.externaltools.gnu-tools-for-stm32.12.3.rel1.win32_1.0.200.202406191623/tools/bin/../lib/gcc/arm-none-eabi/12.3.1/../../../../arm-none-eabi/lib/thumb/v7e-m+dp/hard\libc_nano.a(libc_a-isattyr.o)
                0x08004b38                _isatty_r
 .text._sbrk_r  0x08004b58       0x20 C:/ST/STM32CubeIDE_1.16.0/STM32CubeIDE/plugins/com.st.stm32cube.ide.mcu.externaltools.gnu-tools-for-stm32.12.3.rel1.win32_1.0.200.202406191623/tools/bin/../lib/gcc/arm-none-eabi/12.3.1/../../../../arm-none-eabi/lib/thumb/v7e-m+dp/hard\libc_nano.a(libc_a-sbrkr.o)
                0x08004b58                _sbrk_r
 .text._sbrk    0x08004b78       0x1c C:/ST/STM32CubeIDE_1.16.0/STM32CubeIDE/plugins/com.st.stm32cube.ide.mcu.externaltools.gnu-tools-for-stm32.12.3.rel1.win32_1.0.200.202406191623/tools/bin/../lib/gcc/arm-none-eabi/12.3.1/../../../../arm-none-eabi/lib/thumb/v7e-m+dp/hard\libnosys.a(sbrk.o)
                0x08004b78                _sbrk
 *(.glue_7)
 .glue_7        0x08004b94        0x0 linker stubs
 *(.glue_7t)
 .glue_7t       0x08004b94        0x0 linker stubs
 *(.eh_frame)
 .eh_frame      0x08004b94        0x0 C:/ST/STM32CubeIDE_1.16.0/STM32CubeIDE/plugins/com.st.stm32cube.ide.mcu.externaltools.gnu-tools-for-stm32.12.3.rel1.win32_1.0.200.202406191623/tools/bin/../lib/gcc/arm-none-eabi/12.3.1/thumb/v7e-m+dp/hard/crtbegin.o
 *(.init)
 .init          0x08004b94        0x4 C:/ST/STM32CubeIDE_1.16.0/STM32CubeIDE/plugins/com.st.stm32cube.ide.mcu.externaltools.gnu-tools-for-stm32.12.3.rel1.win32_1.0.200.202406191623/tools/bin/../lib/gcc/arm-none-eabi/12.3.1/thumb/v7e-m+dp/hard/crti.o
                0x08004b94                _init
 .init          0x08004b98        0x8 C:/ST/STM32CubeIDE_1.16.0/STM32CubeIDE/plugins/com.st.stm32cube.ide.mcu.externaltools.gnu-tools-for-stm32.12.3.rel1.win32_1.0.200.202406191623/tools/bin/../lib/gcc/arm-none-eabi/12.3.1/thumb/v7e-m+dp/hard/crtn.o
 *(.fini)
 .fini          0x08004ba0        0x4 C:/ST/STM32CubeIDE_1.16.0/STM32CubeIDE/plugins/com.st.stm32cube.ide.mcu.externaltools.gnu-tools-for-stm32.12.3.rel1.win32_1.0.200.202406191623/tools/bin/../lib/gcc/arm-none-eabi/12.3.1/thumb/v7e-m+dp/hard/crti.o
                0x08004ba0                _fini
 .fini          0x08004ba4        0x8 C:/ST/STM32CubeIDE_1.16.0/STM32CubeIDE/plugins/com.st.stm32cube.ide.mcu.externaltools.gnu-tools-for-stm32.12.3.rel1.win32_1.0.200.202406191623/tools/bin/../lib/gcc/arm-none-eabi/12.3.1/thumb/v7e-m+dp/hard/crtn.o
                0x08004bac                        . = ALIGN (0x4)
                0x08004bac                        _etext = .

.vfp11_veneer   0x08004bac        0x0
 .vfp11_veneer  0x08004bac        0x0 linker stubs

.v4_bx          0x08004bac        0x0
 .v4_bx         0x08004bac        0x0 linker stubs

.iplt           0x08004bac        0x0
 .iplt          0x08004bac        0x0 C:/ST/STM32CubeIDE_1.16.0/STM32CubeIDE/plugins/com.st.stm32cube.ide.mcu.externaltools.gnu-tools-for-stm32.12.3.rel1.win32_1.0.200.202406191623/tools/bin/../lib/gcc/arm-none-eabi/12.3.1/thumb/v7e-m+dp/hard/crtbegin.o

.rodata         0x08004bac       0x8c
                0x08004bac                        . = ALIGN (0x4)
 *(.rodata)
 .rodata        0x08004bac       0x18 ./stm32lib/CMSIS/Device/ST/STM32F7xx/Source/Templates/system_stm32f7xx.o
                0x08004bac                AHBPrescTable
                0x08004bbc                APBPrescTable
 .rodata        0x08004bc4        0x8 ./stm32lib/STM32F7xx_HAL_Driver/Src/stm32f7xx_hal_dma.o
 *(.rodata*)
 .rodata.str1.4
                0x08004bcc       0x18 ./src/ProgramWriterCode/write_main.o
 .rodata.str1.4
                0x08004be4       0x1e ./src/spi_flash_interface.o
 .rodata._vfprintf_r.str1.1
                0x08004c02       0x11 C:/ST/STM32CubeIDE_1.16.0/STM32CubeIDE/plugins/com.st.stm32cube.ide.mcu.externaltools.gnu-tools-for-stm32.12.3.rel1.win32_1.0.200.202406191623/tools/bin/../lib/gcc/arm-none-eabi/12.3.1/../../../../arm-none-eabi/lib/thumb/v7e-m+dp/hard\libc_nano.a(libc_a-nano-vfprintf.o)
 .rodata._printf_i.str1.1
                0x08004c13       0x22 C:/ST/STM32CubeIDE_1.16.0/STM32CubeIDE/plugins/com.st.stm32cube.ide.mcu.externaltools.gnu-tools-for-stm32.12.3.rel1.win32_1.0.200.202406191623/tools/bin/../lib/gcc/arm-none-eabi/12.3.1/../../../../arm-none-eabi/lib/thumb/v7e-m+dp/hard\libc_nano.a(libc_a-nano-vfprintf_i.o)
                0x08004c38                        . = ALIGN (0x4)
 *fill*         0x08004c35        0x3 

.ARM.extab      0x08004c38        0x0
                0x08004c38                        . = ALIGN (0x4)
 *(.ARM.extab* .gnu.linkonce.armextab.*)
                0x08004c38                        . = ALIGN (0x4)

.ARM            0x08004c38        0x8
                0x08004c38                        . = ALIGN (0x4)
                0x08004c38                        __exidx_start = .
 *(.ARM.exidx*)
 .ARM.exidx     0x08004c38        0x8 C:/ST/STM32CubeIDE_1.16.0/STM32CubeIDE/plugins/com.st.stm32cube.ide.mcu.externaltools.gnu-tools-for-stm32.12.3.rel1.win32_1.0.200.202406191623/tools/bin/../lib/gcc/arm-none-eabi/12.3.1/../../../../arm-none-eabi/lib/thumb/v7e-m+dp/hard\libc_nano.a(libc_a-memchr.o)
 .ARM.exidx     0x08004c40        0x0 C:/ST/STM32CubeIDE_1.16.0/STM32CubeIDE/plugins/com.st.stm32cube.ide.mcu.externaltools.gnu-tools-for-stm32.12.3.rel1.win32_1.0.200.202406191623/tools/bin/../lib/gcc/arm-none-eabi/12.3.1/thumb/v7e-m+dp/hard\libgcc.a(_udivmoddi4.o)
                                  0x8 (size before relaxing)
                0x08004c40                        __exidx_end = .
                0x08004c40                        . = ALIGN (0x4)

.rel.dyn        0x08004c40        0x0
 .rel.iplt      0x08004c40        0x0 C:/ST/STM32CubeIDE_1.16.0/STM32CubeIDE/plugins/com.st.stm32cube.ide.mcu.externaltools.gnu-tools-for-stm32.12.3.rel1.win32_1.0.200.202406191623/tools/bin/../lib/gcc/arm-none-eabi/12.3.1/thumb/v7e-m+dp/hard/crtbegin.o

.preinit_array  0x08004c40        0x0
                0x08004c40                        . = ALIGN (0x4)
                0x08004c40                        PROVIDE (__preinit_array_start = .)
 *(.preinit_array*)
                0x08004c40                        PROVIDE (__preinit_array_end = .)
                0x08004c40                        . = ALIGN (0x4)

.init_array     0x08004c40        0x4
                0x08004c40                        . = ALIGN (0x4)
                0x08004c40                        PROVIDE (__init_array_start = .)
 *(SORT_BY_NAME(.init_array.*))
 *(.init_array*)
 .init_array    0x08004c40        0x4 C:/ST/STM32CubeIDE_1.16.0/STM32CubeIDE/plugins/com.st.stm32cube.ide.mcu.externaltools.gnu-tools-for-stm32.12.3.rel1.win32_1.0.200.202406191623/tools/bin/../lib/gcc/arm-none-eabi/12.3.1/thumb/v7e-m+dp/hard/crtbegin.o
                0x08004c44                        PROVIDE (__init_array_end = .)
                0x08004c44                        . = ALIGN (0x4)

.fini_array     0x08004c44        0x4
                0x08004c44                        . = ALIGN (0x4)
                [!provide]                        PROVIDE (__fini_array_start = .)
 *(SORT_BY_NAME(.fini_array.*))
 *(.fini_array*)
 .fini_array    0x08004c44        0x4 C:/ST/STM32CubeIDE_1.16.0/STM32CubeIDE/plugins/com.st.stm32cube.ide.mcu.externaltools.gnu-tools-for-stm32.12.3.rel1.win32_1.0.200.202406191623/tools/bin/../lib/gcc/arm-none-eabi/12.3.1/thumb/v7e-m+dp/hard/crtbegin.o
                [!provide]                        PROVIDE (__fini_array_end = .)
                0x08004c48                        . = ALIGN (0x4)
                0x08004c48                        _sidata = LOADADDR (.data)

.data           0x20000000       0x80 load address 0x08004c48
                0x20000000                        . = ALIGN (0x4)
                0x20000000                        _sdata = .
 *(.data)
 .data          0x20000000       0x15 ./src/spi_flash_interface.o
                0x20000000                cartridge_nss_pin_numbers
                0x20000008                cartridge_nss_ports
 *fill*         0x20000015        0x3 
 .data          0x20000018        0x4 ./stm32lib/CMSIS/Device/ST/STM32F7xx/Source/Templates/system_stm32f7xx.o
                0x20000018                SystemCoreClock
 .data          0x2000001c        0x8 ./stm32lib/STM32F7xx_HAL_Driver/Src/stm32f7xx_hal.o
                0x2000001c                uwTickFreq
                0x20000020                uwTickPrio
 *(.data*)
 .data.__sglue  0x20000024        0xc C:/ST/STM32CubeIDE_1.16.0/STM32CubeIDE/plugins/com.st.stm32cube.ide.mcu.externaltools.gnu-tools-for-stm32.12.3.rel1.win32_1.0.200.202406191623/tools/bin/../lib/gcc/arm-none-eabi/12.3.1/../../../../arm-none-eabi/lib/thumb/v7e-m+dp/hard\libc_nano.a(libc_a-findfp.o)
                0x20000024                __sglue
 .data._impure_ptr
                0x20000030        0x4 C:/ST/STM32CubeIDE_1.16.0/STM32CubeIDE/plugins/com.st.stm32cube.ide.mcu.externaltools.gnu-tools-for-stm32.12.3.rel1.win32_1.0.200.202406191623/tools/bin/../lib/gcc/arm-none-eabi/12.3.1/../../../../arm-none-eabi/lib/thumb/v7e-m+dp/hard\libc_nano.a(libc_a-impure.o)
                0x20000030                _impure_ptr
 .data._impure_data
                0x20000034       0x4c C:/ST/STM32CubeIDE_1.16.0/STM32CubeIDE/plugins/com.st.stm32cube.ide.mcu.externaltools.gnu-tools-for-stm32.12.3.rel1.win32_1.0.200.202406191623/tools/bin/../lib/gcc/arm-none-eabi/12.3.1/../../../../arm-none-eabi/lib/thumb/v7e-m+dp/hard\libc_nano.a(libc_a-impure.o)
                0x20000034                _impure_data
                0x20000080                        . = ALIGN (0x4)
                0x20000080                        _edata = .

.igot.plt       0x20000080        0x0 load address 0x08004cc8
 .igot.plt      0x20000080        0x0 C:/ST/STM32CubeIDE_1.16.0/STM32CubeIDE/plugins/com.st.stm32cube.ide.mcu.externaltools.gnu-tools-for-stm32.12.3.rel1.win32_1.0.200.202406191623/tools/bin/../lib/gcc/arm-none-eabi/12.3.1/thumb/v7e-m+dp/hard/crtbegin.o
                0x20000080                        . = ALIGN (0x4)

.bss            0x20000080      0x54c load address 0x08004cc8
                0x20000080                        _sbss = .
                0x20000080                        __bss_start__ = _sbss
 *(.bss)
 .bss           0x20000080       0x1c C:/ST/STM32CubeIDE_1.16.0/STM32CubeIDE/plugins/com.st.stm32cube.ide.mcu.externaltools.gnu-tools-for-stm32.12.3.rel1.win32_1.0.200.202406191623/tools/bin/../lib/gcc/arm-none-eabi/12.3.1/thumb/v7e-m+dp/hard/crtbegin.o
 .bss           0x2000009c      0x1c8 ./src/ProgramWriterCode/write_main.o
                0x2000009c                copyfunc
                0x20000164                read_buf
 .bss           0x20000264      0x189 ./src/spi_flash_interface.o
                0x20000388                begin_poll_timer_handle
                0x200003d4                cart_read_state
                0x200003d5                cart_to_read_ind
                0x200003d8                cartidges_slots_to_read_into
                0x200003dc                device_id_buf
 *fill*         0x200003ed        0x3 
 .bss           0x200003f0       0x88 ./src/uart.o
                0x200003f0                USB_UART
 .bss           0x20000478        0x4 ./stm32lib/STM32F7xx_HAL_Driver/Src/stm32f7xx_hal.o
                0x20000478                uwTick
 *(.bss*)
 .bss.__sf      0x2000047c      0x138 C:/ST/STM32CubeIDE_1.16.0/STM32CubeIDE/plugins/com.st.stm32cube.ide.mcu.externaltools.gnu-tools-for-stm32.12.3.rel1.win32_1.0.200.202406191623/tools/bin/../lib/gcc/arm-none-eabi/12.3.1/../../../../arm-none-eabi/lib/thumb/v7e-m+dp/hard\libc_nano.a(libc_a-findfp.o)
                0x2000047c                __sf
 .bss.__stdio_exit_handler
                0x200005b4        0x4 C:/ST/STM32CubeIDE_1.16.0/STM32CubeIDE/plugins/com.st.stm32cube.ide.mcu.externaltools.gnu-tools-for-stm32.12.3.rel1.win32_1.0.200.202406191623/tools/bin/../lib/gcc/arm-none-eabi/12.3.1/../../../../arm-none-eabi/lib/thumb/v7e-m+dp/hard\libc_nano.a(libc_a-findfp.o)
                0x200005b4                __stdio_exit_handler
 .bss.errno     0x200005b8        0x4 C:/ST/STM32CubeIDE_1.16.0/STM32CubeIDE/plugins/com.st.stm32cube.ide.mcu.externaltools.gnu-tools-for-stm32.12.3.rel1.win32_1.0.200.202406191623/tools/bin/../lib/gcc/arm-none-eabi/12.3.1/../../../../arm-none-eabi/lib/thumb/v7e-m+dp/hard\libc_nano.a(libc_a-reent.o)
                0x200005b8                errno
 .bss.__lock___malloc_recursive_mutex
                0x200005bc        0x1 C:/ST/STM32CubeIDE_1.16.0/STM32CubeIDE/plugins/com.st.stm32cube.ide.mcu.externaltools.gnu-tools-for-stm32.12.3.rel1.win32_1.0.200.202406191623/tools/bin/../lib/gcc/arm-none-eabi/12.3.1/../../../../arm-none-eabi/lib/thumb/v7e-m+dp/hard\libc_nano.a(libc_a-lock.o)
                0x200005bc                __lock___malloc_recursive_mutex
 .bss.__lock___sfp_recursive_mutex
                0x200005bd        0x1 C:/ST/STM32CubeIDE_1.16.0/STM32CubeIDE/plugins/com.st.stm32cube.ide.mcu.externaltools.gnu-tools-for-stm32.12.3.rel1.win32_1.0.200.202406191623/tools/bin/../lib/gcc/arm-none-eabi/12.3.1/../../../../arm-none-eabi/lib/thumb/v7e-m+dp/hard\libc_nano.a(libc_a-lock.o)
                0x200005bd                __lock___sfp_recursive_mutex
 *fill*         0x200005be        0x2 
 .bss.__malloc_sbrk_start
                0x200005c0        0x4 C:/ST/STM32CubeIDE_1.16.0/STM32CubeIDE/plugins/com.st.stm32cube.ide.mcu.externaltools.gnu-tools-for-stm32.12.3.rel1.win32_1.0.200.202406191623/tools/bin/../lib/gcc/arm-none-eabi/12.3.1/../../../../arm-none-eabi/lib/thumb/v7e-m+dp/hard\libc_nano.a(libc_a-mallocr.o)
                0x200005c0                __malloc_sbrk_start
 .bss.__malloc_free_list
                0x200005c4        0x4 C:/ST/STM32CubeIDE_1.16.0/STM32CubeIDE/plugins/com.st.stm32cube.ide.mcu.externaltools.gnu-tools-for-stm32.12.3.rel1.win32_1.0.200.202406191623/tools/bin/../lib/gcc/arm-none-eabi/12.3.1/../../../../arm-none-eabi/lib/thumb/v7e-m+dp/hard\libc_nano.a(libc_a-mallocr.o)
                0x200005c4                __malloc_free_list
 .bss.heap_end.0
                0x200005c8        0x4 C:/ST/STM32CubeIDE_1.16.0/STM32CubeIDE/plugins/com.st.stm32cube.ide.mcu.externaltools.gnu-tools-for-stm32.12.3.rel1.win32_1.0.200.202406191623/tools/bin/../lib/gcc/arm-none-eabi/12.3.1/../../../../arm-none-eabi/lib/thumb/v7e-m+dp/hard\libnosys.a(sbrk.o)
 *(COMMON)
                0x200005cc                        . = ALIGN (0x4)
                0x200005cc                        _ebss = .
                0x200005cc                        __bss_end__ = _ebss

._user_heap_stack
                0x200005cc     0x2004 load address 0x08004cc8
                0x200005d0                        . = ALIGN (0x8)
 *fill*         0x200005cc        0x4 
                0x200005d0                        PROVIDE (end = .)
                [!provide]                        PROVIDE (_end = .)
                0x200005d0                        . = (. + _Min_Heap_Size)
                0x200025d0                        . = (. + _Min_Stack_Size)
 *fill*         0x200005d0     0x2000 
                0x200025d0                        . = ALIGN (0x8)

/DISCARD/
 libc.a(*)
 libm.a(*)
 libgcc.a(*)

.ARM.attributes
                0x00000000       0x2e
 *(.ARM.attributes)
 .ARM.attributes
                0x00000000       0x20 C:/ST/STM32CubeIDE_1.16.0/STM32CubeIDE/plugins/com.st.stm32cube.ide.mcu.externaltools.gnu-tools-for-stm32.12.3.rel1.win32_1.0.200.202406191623/tools/bin/../lib/gcc/arm-none-eabi/12.3.1/thumb/v7e-m+dp/hard/crti.o
 .ARM.attributes
                0x00000020       0x32 C:/ST/STM32CubeIDE_1.16.0/STM32CubeIDE/plugins/com.st.stm32cube.ide.mcu.externaltools.gnu-tools-for-stm32.12.3.rel1.win32_1.0.200.202406191623/tools/bin/../lib/gcc/arm-none-eabi/12.3.1/thumb/v7e-m+dp/hard/crtbegin.o
 .ARM.attributes
                0x00000052       0x32 ./src/ProgramWriterCode/write_main.o
 .ARM.attributes
                0x00000084       0x32 ./src/SamplePrograms/Simple_Test/ApplicationMain.o
 .ARM.attributes
                0x000000b6       0x32 ./src/cartridge_object.o
 .ARM.attributes
                0x000000e8       0x32 ./src/init.o
 .ARM.attributes
                0x0000011a       0x32 ./src/spi_flash_interface.o
 .ARM.attributes
                0x0000014c       0x32 ./src/uart.o
 .ARM.attributes
                0x0000017e       0x21 ./startup/startup_stm32f769nihx.o
 .ARM.attributes
                0x0000019f       0x32 ./stm32lib/CMSIS/Device/ST/STM32F7xx/Source/Templates/system_stm32f7xx.o
 .ARM.attributes
                0x000001d1       0x32 ./stm32lib/STM32F7xx_HAL_Driver/Src/stm32f7xx_hal.o
 .ARM.attributes
                0x00000203       0x32 ./stm32lib/STM32F7xx_HAL_Driver/Src/stm32f7xx_hal_cortex.o
 .ARM.attributes
                0x00000235       0x32 ./stm32lib/STM32F7xx_HAL_Driver/Src/stm32f7xx_hal_dma.o
 .ARM.attributes
                0x00000267       0x32 ./stm32lib/STM32F7xx_HAL_Driver/Src/stm32f7xx_hal_gpio.o
 .ARM.attributes
                0x00000299       0x32 ./stm32lib/STM32F7xx_HAL_Driver/Src/stm32f7xx_hal_pwr_ex.o
 .ARM.attributes
                0x000002cb       0x32 ./stm32lib/STM32F7xx_HAL_Driver/Src/stm32f7xx_hal_rcc.o
 .ARM.attributes
                0x000002fd       0x32 ./stm32lib/STM32F7xx_HAL_Driver/Src/stm32f7xx_hal_spi.o
 .ARM.attributes
                0x0000032f       0x32 ./stm32lib/STM32F7xx_HAL_Driver/Src/stm32f7xx_hal_tim.o
 .ARM.attributes
                0x00000361       0x32 ./stm32lib/STM32F7xx_HAL_Driver/Src/stm32f7xx_hal_tim_ex.o
 .ARM.attributes
                0x00000393       0x32 ./stm32lib/STM32F7xx_HAL_Driver/Src/stm32f7xx_hal_uart.o
 .ARM.attributes
                0x000003c5       0x32 C:/ST/STM32CubeIDE_1.16.0/STM32CubeIDE/plugins/com.st.stm32cube.ide.mcu.externaltools.gnu-tools-for-stm32.12.3.rel1.win32_1.0.200.202406191623/tools/bin/../lib/gcc/arm-none-eabi/12.3.1/../../../../arm-none-eabi/lib/thumb/v7e-m+dp/hard\libc_nano.a(libc_a-findfp.o)
 .ARM.attributes
                0x000003f7       0x32 C:/ST/STM32CubeIDE_1.16.0/STM32CubeIDE/plugins/com.st.stm32cube.ide.mcu.externaltools.gnu-tools-for-stm32.12.3.rel1.win32_1.0.200.202406191623/tools/bin/../lib/gcc/arm-none-eabi/12.3.1/../../../../arm-none-eabi/lib/thumb/v7e-m+dp/hard\libc_nano.a(libc_a-fwalk.o)
 .ARM.attributes
                0x00000429       0x32 C:/ST/STM32CubeIDE_1.16.0/STM32CubeIDE/plugins/com.st.stm32cube.ide.mcu.externaltools.gnu-tools-for-stm32.12.3.rel1.win32_1.0.200.202406191623/tools/bin/../lib/gcc/arm-none-eabi/12.3.1/../../../../arm-none-eabi/lib/thumb/v7e-m+dp/hard\libc_nano.a(libc_a-printf.o)
 .ARM.attributes
                0x0000045b       0x32 C:/ST/STM32CubeIDE_1.16.0/STM32CubeIDE/plugins/com.st.stm32cube.ide.mcu.externaltools.gnu-tools-for-stm32.12.3.rel1.win32_1.0.200.202406191623/tools/bin/../lib/gcc/arm-none-eabi/12.3.1/../../../../arm-none-eabi/lib/thumb/v7e-m+dp/hard\libc_nano.a(libc_a-puts.o)
 .ARM.attributes
                0x0000048d       0x32 C:/ST/STM32CubeIDE_1.16.0/STM32CubeIDE/plugins/com.st.stm32cube.ide.mcu.externaltools.gnu-tools-for-stm32.12.3.rel1.win32_1.0.200.202406191623/tools/bin/../lib/gcc/arm-none-eabi/12.3.1/../../../../arm-none-eabi/lib/thumb/v7e-m+dp/hard\libc_nano.a(libc_a-setbuf.o)
 .ARM.attributes
                0x000004bf       0x32 C:/ST/STM32CubeIDE_1.16.0/STM32CubeIDE/plugins/com.st.stm32cube.ide.mcu.externaltools.gnu-tools-for-stm32.12.3.rel1.win32_1.0.200.202406191623/tools/bin/../lib/gcc/arm-none-eabi/12.3.1/../../../../arm-none-eabi/lib/thumb/v7e-m+dp/hard\libc_nano.a(libc_a-setvbuf.o)
 .ARM.attributes
                0x000004f1       0x32 C:/ST/STM32CubeIDE_1.16.0/STM32CubeIDE/plugins/com.st.stm32cube.ide.mcu.externaltools.gnu-tools-for-stm32.12.3.rel1.win32_1.0.200.202406191623/tools/bin/../lib/gcc/arm-none-eabi/12.3.1/../../../../arm-none-eabi/lib/thumb/v7e-m+dp/hard\libc_nano.a(libc_a-stdio.o)
 .ARM.attributes
                0x00000523       0x32 C:/ST/STM32CubeIDE_1.16.0/STM32CubeIDE/plugins/com.st.stm32cube.ide.mcu.externaltools.gnu-tools-for-stm32.12.3.rel1.win32_1.0.200.202406191623/tools/bin/../lib/gcc/arm-none-eabi/12.3.1/../../../../arm-none-eabi/lib/thumb/v7e-m+dp/hard\libc_nano.a(libc_a-wbuf.o)
 .ARM.attributes
                0x00000555       0x32 C:/ST/STM32CubeIDE_1.16.0/STM32CubeIDE/plugins/com.st.stm32cube.ide.mcu.externaltools.gnu-tools-for-stm32.12.3.rel1.win32_1.0.200.202406191623/tools/bin/../lib/gcc/arm-none-eabi/12.3.1/../../../../arm-none-eabi/lib/thumb/v7e-m+dp/hard\libc_nano.a(libc_a-wsetup.o)
 .ARM.attributes
                0x00000587       0x32 C:/ST/STM32CubeIDE_1.16.0/STM32CubeIDE/plugins/com.st.stm32cube.ide.mcu.externaltools.gnu-tools-for-stm32.12.3.rel1.win32_1.0.200.202406191623/tools/bin/../lib/gcc/arm-none-eabi/12.3.1/../../../../arm-none-eabi/lib/thumb/v7e-m+dp/hard\libc_nano.a(libc_a-memset.o)
 .ARM.attributes
                0x000005b9       0x32 C:/ST/STM32CubeIDE_1.16.0/STM32CubeIDE/plugins/com.st.stm32cube.ide.mcu.externaltools.gnu-tools-for-stm32.12.3.rel1.win32_1.0.200.202406191623/tools/bin/../lib/gcc/arm-none-eabi/12.3.1/../../../../arm-none-eabi/lib/thumb/v7e-m+dp/hard\libc_nano.a(libc_a-closer.o)
 .ARM.attributes
                0x000005eb       0x32 C:/ST/STM32CubeIDE_1.16.0/STM32CubeIDE/plugins/com.st.stm32cube.ide.mcu.externaltools.gnu-tools-for-stm32.12.3.rel1.win32_1.0.200.202406191623/tools/bin/../lib/gcc/arm-none-eabi/12.3.1/../../../../arm-none-eabi/lib/thumb/v7e-m+dp/hard\libc_nano.a(libc_a-reent.o)
 .ARM.attributes
                0x0000061d       0x32 C:/ST/STM32CubeIDE_1.16.0/STM32CubeIDE/plugins/com.st.stm32cube.ide.mcu.externaltools.gnu-tools-for-stm32.12.3.rel1.win32_1.0.200.202406191623/tools/bin/../lib/gcc/arm-none-eabi/12.3.1/../../../../arm-none-eabi/lib/thumb/v7e-m+dp/hard\libc_nano.a(libc_a-impure.o)
 .ARM.attributes
                0x0000064f       0x32 C:/ST/STM32CubeIDE_1.16.0/STM32CubeIDE/plugins/com.st.stm32cube.ide.mcu.externaltools.gnu-tools-for-stm32.12.3.rel1.win32_1.0.200.202406191623/tools/bin/../lib/gcc/arm-none-eabi/12.3.1/../../../../arm-none-eabi/lib/thumb/v7e-m+dp/hard\libc_nano.a(libc_a-lseekr.o)
 .ARM.attributes
                0x00000681       0x32 C:/ST/STM32CubeIDE_1.16.0/STM32CubeIDE/plugins/com.st.stm32cube.ide.mcu.externaltools.gnu-tools-for-stm32.12.3.rel1.win32_1.0.200.202406191623/tools/bin/../lib/gcc/arm-none-eabi/12.3.1/../../../../arm-none-eabi/lib/thumb/v7e-m+dp/hard\libc_nano.a(libc_a-readr.o)
 .ARM.attributes
                0x000006b3       0x32 C:/ST/STM32CubeIDE_1.16.0/STM32CubeIDE/plugins/com.st.stm32cube.ide.mcu.externaltools.gnu-tools-for-stm32.12.3.rel1.win32_1.0.200.202406191623/tools/bin/../lib/gcc/arm-none-eabi/12.3.1/../../../../arm-none-eabi/lib/thumb/v7e-m+dp/hard\libc_nano.a(libc_a-writer.o)
 .ARM.attributes
                0x000006e5       0x32 C:/ST/STM32CubeIDE_1.16.0/STM32CubeIDE/plugins/com.st.stm32cube.ide.mcu.externaltools.gnu-tools-for-stm32.12.3.rel1.win32_1.0.200.202406191623/tools/bin/../lib/gcc/arm-none-eabi/12.3.1/../../../../arm-none-eabi/lib/thumb/v7e-m+dp/hard\libc_nano.a(libc_a-init.o)
 .ARM.attributes
                0x00000717       0x32 C:/ST/STM32CubeIDE_1.16.0/STM32CubeIDE/plugins/com.st.stm32cube.ide.mcu.externaltools.gnu-tools-for-stm32.12.3.rel1.win32_1.0.200.202406191623/tools/bin/../lib/gcc/arm-none-eabi/12.3.1/../../../../arm-none-eabi/lib/thumb/v7e-m+dp/hard\libc_nano.a(libc_a-lock.o)
 .ARM.attributes
                0x00000749       0x32 C:/ST/STM32CubeIDE_1.16.0/STM32CubeIDE/plugins/com.st.stm32cube.ide.mcu.externaltools.gnu-tools-for-stm32.12.3.rel1.win32_1.0.200.202406191623/tools/bin/../lib/gcc/arm-none-eabi/12.3.1/../../../../arm-none-eabi/lib/thumb/v7e-m+dp/hard\libc_nano.a(libc_a-memcpy-stub.o)
 .ARM.attributes
                0x0000077b       0x32 C:/ST/STM32CubeIDE_1.16.0/STM32CubeIDE/plugins/com.st.stm32cube.ide.mcu.externaltools.gnu-tools-for-stm32.12.3.rel1.win32_1.0.200.202406191623/tools/bin/../lib/gcc/arm-none-eabi/12.3.1/../../../../arm-none-eabi/lib/thumb/v7e-m+dp/hard\libc_nano.a(libc_a-freer.o)
 .ARM.attributes
                0x000007ad       0x32 C:/ST/STM32CubeIDE_1.16.0/STM32CubeIDE/plugins/com.st.stm32cube.ide.mcu.externaltools.gnu-tools-for-stm32.12.3.rel1.win32_1.0.200.202406191623/tools/bin/../lib/gcc/arm-none-eabi/12.3.1/../../../../arm-none-eabi/lib/thumb/v7e-m+dp/hard\libc_nano.a(libc_a-malloc.o)
 .ARM.attributes
                0x000007df       0x32 C:/ST/STM32CubeIDE_1.16.0/STM32CubeIDE/plugins/com.st.stm32cube.ide.mcu.externaltools.gnu-tools-for-stm32.12.3.rel1.win32_1.0.200.202406191623/tools/bin/../lib/gcc/arm-none-eabi/12.3.1/../../../../arm-none-eabi/lib/thumb/v7e-m+dp/hard\libc_nano.a(libc_a-mallocr.o)
 .ARM.attributes
                0x00000811       0x32 C:/ST/STM32CubeIDE_1.16.0/STM32CubeIDE/plugins/com.st.stm32cube.ide.mcu.externaltools.gnu-tools-for-stm32.12.3.rel1.win32_1.0.200.202406191623/tools/bin/../lib/gcc/arm-none-eabi/12.3.1/../../../../arm-none-eabi/lib/thumb/v7e-m+dp/hard\libc_nano.a(libc_a-mlock.o)
 .ARM.attributes
                0x00000843       0x32 C:/ST/STM32CubeIDE_1.16.0/STM32CubeIDE/plugins/com.st.stm32cube.ide.mcu.externaltools.gnu-tools-for-stm32.12.3.rel1.win32_1.0.200.202406191623/tools/bin/../lib/gcc/arm-none-eabi/12.3.1/../../../../arm-none-eabi/lib/thumb/v7e-m+dp/hard\libc_nano.a(libc_a-nano-vfprintf.o)
 .ARM.attributes
                0x00000875       0x32 C:/ST/STM32CubeIDE_1.16.0/STM32CubeIDE/plugins/com.st.stm32cube.ide.mcu.externaltools.gnu-tools-for-stm32.12.3.rel1.win32_1.0.200.202406191623/tools/bin/../lib/gcc/arm-none-eabi/12.3.1/../../../../arm-none-eabi/lib/thumb/v7e-m+dp/hard\libc_nano.a(libc_a-nano-vfprintf_i.o)
 .ARM.attributes
                0x000008a7       0x32 C:/ST/STM32CubeIDE_1.16.0/STM32CubeIDE/plugins/com.st.stm32cube.ide.mcu.externaltools.gnu-tools-for-stm32.12.3.rel1.win32_1.0.200.202406191623/tools/bin/../lib/gcc/arm-none-eabi/12.3.1/../../../../arm-none-eabi/lib/thumb/v7e-m+dp/hard\libc_nano.a(libc_a-fflush.o)
 .ARM.attributes
                0x000008d9       0x32 C:/ST/STM32CubeIDE_1.16.0/STM32CubeIDE/plugins/com.st.stm32cube.ide.mcu.externaltools.gnu-tools-for-stm32.12.3.rel1.win32_1.0.200.202406191623/tools/bin/../lib/gcc/arm-none-eabi/12.3.1/../../../../arm-none-eabi/lib/thumb/v7e-m+dp/hard\libc_nano.a(libc_a-makebuf.o)
 .ARM.attributes
                0x0000090b       0x32 C:/ST/STM32CubeIDE_1.16.0/STM32CubeIDE/plugins/com.st.stm32cube.ide.mcu.externaltools.gnu-tools-for-stm32.12.3.rel1.win32_1.0.200.202406191623/tools/bin/../lib/gcc/arm-none-eabi/12.3.1/../../../../arm-none-eabi/lib/thumb/v7e-m+dp/hard\libc_nano.a(libc_a-fstatr.o)
 .ARM.attributes
                0x0000093d       0x32 C:/ST/STM32CubeIDE_1.16.0/STM32CubeIDE/plugins/com.st.stm32cube.ide.mcu.externaltools.gnu-tools-for-stm32.12.3.rel1.win32_1.0.200.202406191623/tools/bin/../lib/gcc/arm-none-eabi/12.3.1/../../../../arm-none-eabi/lib/thumb/v7e-m+dp/hard\libc_nano.a(libc_a-isattyr.o)
 .ARM.attributes
                0x0000096f       0x32 C:/ST/STM32CubeIDE_1.16.0/STM32CubeIDE/plugins/com.st.stm32cube.ide.mcu.externaltools.gnu-tools-for-stm32.12.3.rel1.win32_1.0.200.202406191623/tools/bin/../lib/gcc/arm-none-eabi/12.3.1/../../../../arm-none-eabi/lib/thumb/v7e-m+dp/hard\libc_nano.a(libc_a-sbrkr.o)
 .ARM.attributes
                0x000009a1       0x1c C:/ST/STM32CubeIDE_1.16.0/STM32CubeIDE/plugins/com.st.stm32cube.ide.mcu.externaltools.gnu-tools-for-stm32.12.3.rel1.win32_1.0.200.202406191623/tools/bin/../lib/gcc/arm-none-eabi/12.3.1/../../../../arm-none-eabi/lib/thumb/v7e-m+dp/hard\libc_nano.a(libc_a-memchr.o)
 .ARM.attributes
                0x000009bd       0x20 C:/ST/STM32CubeIDE_1.16.0/STM32CubeIDE/plugins/com.st.stm32cube.ide.mcu.externaltools.gnu-tools-for-stm32.12.3.rel1.win32_1.0.200.202406191623/tools/bin/../lib/gcc/arm-none-eabi/12.3.1/thumb/v7e-m+dp/hard\libgcc.a(_aeabi_uldivmod.o)
 .ARM.attributes
                0x000009dd       0x32 C:/ST/STM32CubeIDE_1.16.0/STM32CubeIDE/plugins/com.st.stm32cube.ide.mcu.externaltools.gnu-tools-for-stm32.12.3.rel1.win32_1.0.200.202406191623/tools/bin/../lib/gcc/arm-none-eabi/12.3.1/thumb/v7e-m+dp/hard\libgcc.a(_udivmoddi4.o)
 .ARM.attributes
                0x00000a0f       0x20 C:/ST/STM32CubeIDE_1.16.0/STM32CubeIDE/plugins/com.st.stm32cube.ide.mcu.externaltools.gnu-tools-for-stm32.12.3.rel1.win32_1.0.200.202406191623/tools/bin/../lib/gcc/arm-none-eabi/12.3.1/thumb/v7e-m+dp/hard\libgcc.a(_dvmd_tls.o)
 .ARM.attributes
                0x00000a2f       0x32 C:/ST/STM32CubeIDE_1.16.0/STM32CubeIDE/plugins/com.st.stm32cube.ide.mcu.externaltools.gnu-tools-for-stm32.12.3.rel1.win32_1.0.200.202406191623/tools/bin/../lib/gcc/arm-none-eabi/12.3.1/../../../../arm-none-eabi/lib/thumb/v7e-m+dp/hard\libnosys.a(sbrk.o)
 .ARM.attributes
                0x00000a61       0x20 C:/ST/STM32CubeIDE_1.16.0/STM32CubeIDE/plugins/com.st.stm32cube.ide.mcu.externaltools.gnu-tools-for-stm32.12.3.rel1.win32_1.0.200.202406191623/tools/bin/../lib/gcc/arm-none-eabi/12.3.1/thumb/v7e-m+dp/hard/crtn.o
OUTPUT(FinalTemplate.elf elf32-littlearm)
LOAD linker stubs
LOAD C:/ST/STM32CubeIDE_1.16.0/STM32CubeIDE/plugins/com.st.stm32cube.ide.mcu.externaltools.gnu-tools-for-stm32.12.3.rel1.win32_1.0.200.202406191623/tools/bin/../lib/gcc/arm-none-eabi/12.3.1/../../../../arm-none-eabi/lib/thumb/v7e-m+dp/hard\libc.a
LOAD C:/ST/STM32CubeIDE_1.16.0/STM32CubeIDE/plugins/com.st.stm32cube.ide.mcu.externaltools.gnu-tools-for-stm32.12.3.rel1.win32_1.0.200.202406191623/tools/bin/../lib/gcc/arm-none-eabi/12.3.1/../../../../arm-none-eabi/lib/thumb/v7e-m+dp/hard\libm.a
LOAD C:/ST/STM32CubeIDE_1.16.0/STM32CubeIDE/plugins/com.st.stm32cube.ide.mcu.externaltools.gnu-tools-for-stm32.12.3.rel1.win32_1.0.200.202406191623/tools/bin/../lib/gcc/arm-none-eabi/12.3.1/thumb/v7e-m+dp/hard\libgcc.a

.debug_info     0x00000000    0x164a6
 .debug_info    0x00000000      0x28d ./src/ProgramWriterCode/write_main.o
 .debug_info    0x0000028d      0x103 ./src/SamplePrograms/Simple_Test/ApplicationMain.o
 .debug_info    0x00000390      0x236 ./src/cartridge_object.o
 .debug_info    0x000005c6     0x1ae7 ./src/init.o
 .debug_info    0x000020ad     0x1b99 ./src/spi_flash_interface.o
 .debug_info    0x00003c46      0xeba ./src/uart.o
 .debug_info    0x00004b00       0x30 ./startup/startup_stm32f769nihx.o
 .debug_info    0x00004b30      0x706 ./stm32lib/CMSIS/Device/ST/STM32F7xx/Source/Templates/system_stm32f7xx.o
 .debug_info    0x00005236      0xb6b ./stm32lib/STM32F7xx_HAL_Driver/Src/stm32f7xx_hal.o
 .debug_info    0x00005da1     0x11cc ./stm32lib/STM32F7xx_HAL_Driver/Src/stm32f7xx_hal_cortex.o
 .debug_info    0x00006f6d      0xadd ./stm32lib/STM32F7xx_HAL_Driver/Src/stm32f7xx_hal_dma.o
 .debug_info    0x00007a4a      0x738 ./stm32lib/STM32F7xx_HAL_Driver/Src/stm32f7xx_hal_gpio.o
 .debug_info    0x00008182      0x9be ./stm32lib/STM32F7xx_HAL_Driver/Src/stm32f7xx_hal_pwr_ex.o
 .debug_info    0x00008b40      0xb85 ./stm32lib/STM32F7xx_HAL_Driver/Src/stm32f7xx_hal_rcc.o
 .debug_info    0x000096c5     0x24f2 ./stm32lib/STM32F7xx_HAL_Driver/Src/stm32f7xx_hal_spi.o
 .debug_info    0x0000bbb7     0x3ccc ./stm32lib/STM32F7xx_HAL_Driver/Src/stm32f7xx_hal_tim.o
 .debug_info    0x0000f883     0x1ce8 ./stm32lib/STM32F7xx_HAL_Driver/Src/stm32f7xx_hal_tim_ex.o
 .debug_info    0x0001156b     0x4f3b ./stm32lib/STM32F7xx_HAL_Driver/Src/stm32f7xx_hal_uart.o

.debug_abbrev   0x00000000     0x274b
 .debug_abbrev  0x00000000      0x15a ./src/ProgramWriterCode/write_main.o
 .debug_abbrev  0x0000015a       0xb1 ./src/SamplePrograms/Simple_Test/ApplicationMain.o
 .debug_abbrev  0x0000020b      0x120 ./src/cartridge_object.o
 .debug_abbrev  0x0000032b      0x2e7 ./src/init.o
 .debug_abbrev  0x00000612      0x346 ./src/spi_flash_interface.o
 .debug_abbrev  0x00000958      0x288 ./src/uart.o
 .debug_abbrev  0x00000be0       0x24 ./startup/startup_stm32f769nihx.o
 .debug_abbrev  0x00000c04      0x141 ./stm32lib/CMSIS/Device/ST/STM32F7xx/Source/Templates/system_stm32f7xx.o
 .debug_abbrev  0x00000d45      0x241 ./stm32lib/STM32F7xx_HAL_Driver/Src/stm32f7xx_hal.o
 .debug_abbrev  0x00000f86      0x39f ./stm32lib/STM32F7xx_HAL_Driver/Src/stm32f7xx_hal_cortex.o
 .debug_abbrev  0x00001325      0x2c2 ./stm32lib/STM32F7xx_HAL_Driver/Src/stm32f7xx_hal_dma.o
 .debug_abbrev  0x000015e7      0x204 ./stm32lib/STM32F7xx_HAL_Driver/Src/stm32f7xx_hal_gpio.o
 .debug_abbrev  0x000017eb      0x1f1 ./stm32lib/STM32F7xx_HAL_Driver/Src/stm32f7xx_hal_pwr_ex.o
 .debug_abbrev  0x000019dc      0x2f1 ./stm32lib/STM32F7xx_HAL_Driver/Src/stm32f7xx_hal_rcc.o
 .debug_abbrev  0x00001ccd      0x27e ./stm32lib/STM32F7xx_HAL_Driver/Src/stm32f7xx_hal_spi.o
 .debug_abbrev  0x00001f4b      0x273 ./stm32lib/STM32F7xx_HAL_Driver/Src/stm32f7xx_hal_tim.o
 .debug_abbrev  0x000021be      0x271 ./stm32lib/STM32F7xx_HAL_Driver/Src/stm32f7xx_hal_tim_ex.o
 .debug_abbrev  0x0000242f      0x31c ./stm32lib/STM32F7xx_HAL_Driver/Src/stm32f7xx_hal_uart.o

.debug_aranges  0x00000000      0xfd0
 .debug_aranges
                0x00000000       0x20 ./src/ProgramWriterCode/write_main.o
 .debug_aranges
                0x00000020       0x28 ./src/SamplePrograms/Simple_Test/ApplicationMain.o
 .debug_aranges
                0x00000048       0x30 ./src/cartridge_object.o
 .debug_aranges
                0x00000078       0x50 ./src/init.o
 .debug_aranges
                0x000000c8       0xc8 ./src/spi_flash_interface.o
 .debug_aranges
                0x00000190       0x90 ./src/uart.o
 .debug_aranges
                0x00000220       0x28 ./startup/startup_stm32f769nihx.o
 .debug_aranges
                0x00000248       0x28 ./stm32lib/CMSIS/Device/ST/STM32F7xx/Source/Templates/system_stm32f7xx.o
 .debug_aranges
                0x00000270      0x110 ./stm32lib/STM32F7xx_HAL_Driver/Src/stm32f7xx_hal.o
 .debug_aranges
                0x00000380       0xd8 ./stm32lib/STM32F7xx_HAL_Driver/Src/stm32f7xx_hal_cortex.o
 .debug_aranges
                0x00000458       0x90 ./stm32lib/STM32F7xx_HAL_Driver/Src/stm32f7xx_hal_dma.o
 .debug_aranges
                0x000004e8       0x58 ./stm32lib/STM32F7xx_HAL_Driver/Src/stm32f7xx_hal_gpio.o
 .debug_aranges
                0x00000540       0x80 ./stm32lib/STM32F7xx_HAL_Driver/Src/stm32f7xx_hal_pwr_ex.o
 .debug_aranges
                0x000005c0       0x88 ./stm32lib/STM32F7xx_HAL_Driver/Src/stm32f7xx_hal_rcc.o
 .debug_aranges
                0x00000648      0x1f8 ./stm32lib/STM32F7xx_HAL_Driver/Src/stm32f7xx_hal_spi.o
 .debug_aranges
                0x00000840      0x3e0 ./stm32lib/STM32F7xx_HAL_Driver/Src/stm32f7xx_hal_tim.o
 .debug_aranges
                0x00000c20      0x180 ./stm32lib/STM32F7xx_HAL_Driver/Src/stm32f7xx_hal_tim_ex.o
 .debug_aranges
                0x00000da0      0x230 ./stm32lib/STM32F7xx_HAL_Driver/Src/stm32f7xx_hal_uart.o

.debug_rnglists
                0x00000000      0xc2b
 .debug_rnglists
                0x00000000       0x13 ./src/ProgramWriterCode/write_main.o
 .debug_rnglists
                0x00000013       0x19 ./src/SamplePrograms/Simple_Test/ApplicationMain.o
 .debug_rnglists
                0x0000002c       0x2b ./src/cartridge_object.o
 .debug_rnglists
                0x00000057       0x38 ./src/init.o
 .debug_rnglists
                0x0000008f       0xa0 ./src/spi_flash_interface.o
 .debug_rnglists
                0x0000012f       0x68 ./src/uart.o
 .debug_rnglists
                0x00000197       0x19 ./startup/startup_stm32f769nihx.o
 .debug_rnglists
                0x000001b0       0x1a ./stm32lib/CMSIS/Device/ST/STM32F7xx/Source/Templates/system_stm32f7xx.o
 .debug_rnglists
                0x000001ca       0xc7 ./stm32lib/STM32F7xx_HAL_Driver/Src/stm32f7xx_hal.o
 .debug_rnglists
                0x00000291       0x9d ./stm32lib/STM32F7xx_HAL_Driver/Src/stm32f7xx_hal_cortex.o
 .debug_rnglists
                0x0000032e       0x6c ./stm32lib/STM32F7xx_HAL_Driver/Src/stm32f7xx_hal_dma.o
 .debug_rnglists
                0x0000039a       0x3f ./stm32lib/STM32F7xx_HAL_Driver/Src/stm32f7xx_hal_gpio.o
 .debug_rnglists
                0x000003d9       0x5d ./stm32lib/STM32F7xx_HAL_Driver/Src/stm32f7xx_hal_pwr_ex.o
 .debug_rnglists
                0x00000436       0x67 ./stm32lib/STM32F7xx_HAL_Driver/Src/stm32f7xx_hal_rcc.o
 .debug_rnglists
                0x0000049d      0x18e ./stm32lib/STM32F7xx_HAL_Driver/Src/stm32f7xx_hal_spi.o
 .debug_rnglists
                0x0000062b      0x311 ./stm32lib/STM32F7xx_HAL_Driver/Src/stm32f7xx_hal_tim.o
 .debug_rnglists
                0x0000093c      0x12f ./stm32lib/STM32F7xx_HAL_Driver/Src/stm32f7xx_hal_tim_ex.o
 .debug_rnglists
                0x00000a6b      0x1c0 ./stm32lib/STM32F7xx_HAL_Driver/Src/stm32f7xx_hal_uart.o

.debug_macro    0x00000000    0x2ead8
 .debug_macro   0x00000000      0x361 ./src/ProgramWriterCode/write_main.o
 .debug_macro   0x00000361      0xacc ./src/ProgramWriterCode/write_main.o
 .debug_macro   0x00000e2d       0x3b ./src/ProgramWriterCode/write_main.o
 .debug_macro   0x00000e68       0x22 ./src/ProgramWriterCode/write_main.o
 .debug_macro   0x00000e8a       0x8e ./src/ProgramWriterCode/write_main.o
 .debug_macro   0x00000f18       0x51 ./src/ProgramWriterCode/write_main.o
 .debug_macro   0x00000f69      0x103 ./src/ProgramWriterCode/write_main.o
 .debug_macro   0x0000106c       0x6a ./src/ProgramWriterCode/write_main.o
 .debug_macro   0x000010d6      0x1df ./src/ProgramWriterCode/write_main.o
 .debug_macro   0x000012b5       0x1c ./src/ProgramWriterCode/write_main.o
 .debug_macro   0x000012d1       0x22 ./src/ProgramWriterCode/write_main.o
 .debug_macro   0x000012f3       0xd9 ./src/ProgramWriterCode/write_main.o
 .debug_macro   0x000013cc     0x12cd ./src/ProgramWriterCode/write_main.o
 .debug_macro   0x00002699      0x11f ./src/ProgramWriterCode/write_main.o
 .debug_macro   0x000027b8       0x19 ./src/ProgramWriterCode/write_main.o
 .debug_macro   0x000027d1    0x204b6 ./src/ProgramWriterCode/write_main.o
 .debug_macro   0x00022c87      0x2cc ./src/ProgramWriterCode/write_main.o
 .debug_macro   0x00022f53       0x2e ./src/ProgramWriterCode/write_main.o
 .debug_macro   0x00022f81       0x6d ./src/ProgramWriterCode/write_main.o
 .debug_macro   0x00022fee     0x3749 ./src/ProgramWriterCode/write_main.o
 .debug_macro   0x00026737      0x189 ./src/ProgramWriterCode/write_main.o
 .debug_macro   0x000268c0       0x63 ./src/ProgramWriterCode/write_main.o
 .debug_macro   0x00026923     0x1b3f ./src/ProgramWriterCode/write_main.o
 .debug_macro   0x00028462      0x6c4 ./src/ProgramWriterCode/write_main.o
 .debug_macro   0x00028b26      0x115 ./src/ProgramWriterCode/write_main.o
 .debug_macro   0x00028c3b      0x275 ./src/ProgramWriterCode/write_main.o
 .debug_macro   0x00028eb0       0xa5 ./src/ProgramWriterCode/write_main.o
 .debug_macro   0x00028f55      0x24f ./src/ProgramWriterCode/write_main.o
 .debug_macro   0x000291a4       0x71 ./src/ProgramWriterCode/write_main.o
 .debug_macro   0x00029215       0x58 ./src/ProgramWriterCode/write_main.o
 .debug_macro   0x0002926d      0x236 ./src/ProgramWriterCode/write_main.o
 .debug_macro   0x000294a3      0x416 ./src/ProgramWriterCode/write_main.o
 .debug_macro   0x000298b9      0x153 ./src/ProgramWriterCode/write_main.o
 .debug_macro   0x00029a0c      0x107 ./src/ProgramWriterCode/write_main.o
 .debug_macro   0x00029b13      0x122 ./src/ProgramWriterCode/write_main.o
 .debug_macro   0x00029c35       0xa6 ./src/ProgramWriterCode/write_main.o
 .debug_macro   0x00029cdb      0x14e ./src/ProgramWriterCode/write_main.o
 .debug_macro   0x00029e29      0x3db ./src/ProgramWriterCode/write_main.o
 .debug_macro   0x0002a204       0x12 ./src/ProgramWriterCode/write_main.o
 .debug_macro   0x0002a216      0x12e ./src/ProgramWriterCode/write_main.o
 .debug_macro   0x0002a344      0x108 ./src/ProgramWriterCode/write_main.o
 .debug_macro   0x0002a44c       0x35 ./src/ProgramWriterCode/write_main.o
 .debug_macro   0x0002a481      0x2fe ./src/ProgramWriterCode/write_main.o
 .debug_macro   0x0002a77f      0xa8a ./src/ProgramWriterCode/write_main.o
 .debug_macro   0x0002b209       0xa9 ./src/ProgramWriterCode/write_main.o
 .debug_macro   0x0002b2b2      0x5ba ./src/ProgramWriterCode/write_main.o
 .debug_macro   0x0002b86c       0x44 ./src/ProgramWriterCode/write_main.o
 .debug_macro   0x0002b8b0      0x15b ./src/ProgramWriterCode/write_main.o
 .debug_macro   0x0002ba0b       0x61 ./src/ProgramWriterCode/write_main.o
 .debug_macro   0x0002ba6c       0x29 ./src/ProgramWriterCode/write_main.o
 .debug_macro   0x0002ba95       0x43 ./src/ProgramWriterCode/write_main.o
 .debug_macro   0x0002bad8       0x34 ./src/ProgramWriterCode/write_main.o
 .debug_macro   0x0002bb0c       0x16 ./src/ProgramWriterCode/write_main.o
 .debug_macro   0x0002bb22       0x43 ./src/ProgramWriterCode/write_main.o
 .debug_macro   0x0002bb65       0x34 ./src/ProgramWriterCode/write_main.o
 .debug_macro   0x0002bb99       0x10 ./src/ProgramWriterCode/write_main.o
 .debug_macro   0x0002bba9       0x58 ./src/ProgramWriterCode/write_main.o
 .debug_macro   0x0002bc01       0x8e ./src/ProgramWriterCode/write_main.o
 .debug_macro   0x0002bc8f       0x1c ./src/ProgramWriterCode/write_main.o
 .debug_macro   0x0002bcab      0x177 ./src/ProgramWriterCode/write_main.o
 .debug_macro   0x0002be22      0x369 ./src/ProgramWriterCode/write_main.o
 .debug_macro   0x0002c18b       0x10 ./src/ProgramWriterCode/write_main.o
 .debug_macro   0x0002c19b       0x35 ./src/ProgramWriterCode/write_main.o
 .debug_macro   0x0002c1d0       0x20 ./src/ProgramWriterCode/write_main.o
 .debug_macro   0x0002c1f0       0x1c ./src/ProgramWriterCode/write_main.o
 .debug_macro   0x0002c20c       0x10 ./src/ProgramWriterCode/write_main.o
 .debug_macro   0x0002c21c       0x1c ./src/ProgramWriterCode/write_main.o
 .debug_macro   0x0002c238       0x16 ./src/ProgramWriterCode/write_main.o
 .debug_macro   0x0002c24e      0x146 ./src/ProgramWriterCode/write_main.o
 .debug_macro   0x0002c394       0x4c ./src/ProgramWriterCode/write_main.o
 .debug_macro   0x0002c3e0       0x22 ./src/ProgramWriterCode/write_main.o
 .debug_macro   0x0002c402       0x10 ./src/ProgramWriterCode/write_main.o
 .debug_macro   0x0002c412      0x32f ./src/SamplePrograms/Simple_Test/ApplicationMain.o
 .debug_macro   0x0002c741      0x33d ./src/cartridge_object.o
 .debug_macro   0x0002ca7e      0x325 ./src/init.o
 .debug_macro   0x0002cda3      0x36b ./src/spi_flash_interface.o
 .debug_macro   0x0002d10e      0x31b ./src/uart.o
 .debug_macro   0x0002d429      0x202 ./stm32lib/CMSIS/Device/ST/STM32F7xx/Source/Templates/system_stm32f7xx.o
 .debug_macro   0x0002d62b      0x226 ./stm32lib/STM32F7xx_HAL_Driver/Src/stm32f7xx_hal.o
 .debug_macro   0x0002d851      0x202 ./stm32lib/STM32F7xx_HAL_Driver/Src/stm32f7xx_hal_cortex.o
 .debug_macro   0x0002da53      0x208 ./stm32lib/STM32F7xx_HAL_Driver/Src/stm32f7xx_hal_dma.o
 .debug_macro   0x0002dc5b      0x208 ./stm32lib/STM32F7xx_HAL_Driver/Src/stm32f7xx_hal_gpio.o
 .debug_macro   0x0002de63      0x21a ./stm32lib/STM32F7xx_HAL_Driver/Src/stm32f7xx_hal_pwr_ex.o
 .debug_macro   0x0002e07d      0x226 ./stm32lib/STM32F7xx_HAL_Driver/Src/stm32f7xx_hal_rcc.o
 .debug_macro   0x0002e2a3      0x211 ./stm32lib/STM32F7xx_HAL_Driver/Src/stm32f7xx_hal_spi.o
 .debug_macro   0x0002e4b4      0x203 ./stm32lib/STM32F7xx_HAL_Driver/Src/stm32f7xx_hal_tim.o
 .debug_macro   0x0002e6b7      0x202 ./stm32lib/STM32F7xx_HAL_Driver/Src/stm32f7xx_hal_tim_ex.o
 .debug_macro   0x0002e8b9      0x21f ./stm32lib/STM32F7xx_HAL_Driver/Src/stm32f7xx_hal_uart.o

.debug_line     0x00000000    0x1b3e5
 .debug_line    0x00000000      0xa8d ./src/ProgramWriterCode/write_main.o
 .debug_line    0x00000a8d      0xa7f ./src/SamplePrograms/Simple_Test/ApplicationMain.o
 .debug_line    0x0000150c      0xa5a ./src/cartridge_object.o
 .debug_line    0x00001f66      0xd5a ./src/init.o
 .debug_line    0x00002cc0     0x109b ./src/spi_flash_interface.o
 .debug_line    0x00003d5b      0xc44 ./src/uart.o
 .debug_line    0x0000499f       0x7b ./startup/startup_stm32f769nihx.o
 .debug_line    0x00004a1a      0x93d ./stm32lib/CMSIS/Device/ST/STM32F7xx/Source/Templates/system_stm32f7xx.o
 .debug_line    0x00005357      0xc2e ./stm32lib/STM32F7xx_HAL_Driver/Src/stm32f7xx_hal.o
 .debug_line    0x00005f85      0xe95 ./stm32lib/STM32F7xx_HAL_Driver/Src/stm32f7xx_hal_cortex.o
 .debug_line    0x00006e1a     0x14e4 ./stm32lib/STM32F7xx_HAL_Driver/Src/stm32f7xx_hal_dma.o
 .debug_line    0x000082fe      0xd74 ./stm32lib/STM32F7xx_HAL_Driver/Src/stm32f7xx_hal_gpio.o
 .debug_line    0x00009072      0xbe3 ./stm32lib/STM32F7xx_HAL_Driver/Src/stm32f7xx_hal_pwr_ex.o
 .debug_line    0x00009c55     0x1303 ./stm32lib/STM32F7xx_HAL_Driver/Src/stm32f7xx_hal_rcc.o
 .debug_line    0x0000af58     0x36f7 ./stm32lib/STM32F7xx_HAL_Driver/Src/stm32f7xx_hal_spi.o
 .debug_line    0x0000e64f     0x5264 ./stm32lib/STM32F7xx_HAL_Driver/Src/stm32f7xx_hal_tim.o
 .debug_line    0x000138b3     0x2546 ./stm32lib/STM32F7xx_HAL_Driver/Src/stm32f7xx_hal_tim_ex.o
 .debug_line    0x00015df9     0x55ec ./stm32lib/STM32F7xx_HAL_Driver/Src/stm32f7xx_hal_uart.o

.debug_str      0x00000000   0x11e249
 .debug_str     0x00000000   0x119079 ./src/ProgramWriterCode/write_main.o
                             0x119794 (size before relaxing)
 .debug_str     0x00119079       0x3a ./src/SamplePrograms/Simple_Test/ApplicationMain.o
                             0x11960e (size before relaxing)
 .debug_str     0x001190b3       0xd6 ./src/cartridge_object.o
                             0x119729 (size before relaxing)
 .debug_str     0x00119189      0xb4d ./src/init.o
                             0x11a1e8 (size before relaxing)
 .debug_str     0x00119cd6     0x1054 ./src/spi_flash_interface.o
                             0x11ab27 (size before relaxing)
 .debug_str     0x0011ad2a       0xf7 ./src/uart.o
                             0x119d13 (size before relaxing)
 .debug_str     0x0011ae21       0x3f ./startup/startup_stm32f769nihx.o
                                 0x71 (size before relaxing)
 .debug_str     0x0011ae60       0xc8 ./stm32lib/CMSIS/Device/ST/STM32F7xx/Source/Templates/system_stm32f7xx.o
                             0x116027 (size before relaxing)
 .debug_str     0x0011af28      0x4a2 ./stm32lib/STM32F7xx_HAL_Driver/Src/stm32f7xx_hal.o
                             0x116a6e (size before relaxing)
 .debug_str     0x0011b3ca      0x342 ./stm32lib/STM32F7xx_HAL_Driver/Src/stm32f7xx_hal_cortex.o
                             0x1169f6 (size before relaxing)
 .debug_str     0x0011b70c      0x317 ./stm32lib/STM32F7xx_HAL_Driver/Src/stm32f7xx_hal_dma.o
                             0x11633c (size before relaxing)